Component: ARM Compiler 5.06 update 5 (build 528) Tool: armlink [4d35e2]

==============================================================================

Section Cross References

    startup_stm32f103xb.o(STACK) refers (Special) to heapauxi.o(.text) for __use_two_region_memory
    startup_stm32f103xb.o(HEAP) refers (Special) to heapauxi.o(.text) for __use_two_region_memory
    startup_stm32f103xb.o(RESET) refers (Special) to heapauxi.o(.text) for __use_two_region_memory
    startup_stm32f103xb.o(RESET) refers to startup_stm32f103xb.o(STACK) for __initial_sp
    startup_stm32f103xb.o(RESET) refers to startup_stm32f103xb.o(.text) for Reset_Handler
    startup_stm32f103xb.o(RESET) refers to stm32f1xx_it.o(i.NMI_Handler) for NMI_Handler
    startup_stm32f103xb.o(RESET) refers to stm32f1xx_it.o(i.HardFault_Handler) for HardFault_Handler
    startup_stm32f103xb.o(RESET) refers to stm32f1xx_it.o(i.MemManage_Handler) for MemManage_Handler
    startup_stm32f103xb.o(RESET) refers to stm32f1xx_it.o(i.BusFault_Handler) for BusFault_Handler
    startup_stm32f103xb.o(RESET) refers to stm32f1xx_it.o(i.UsageFault_Handler) for UsageFault_Handler
    startup_stm32f103xb.o(RESET) refers to stm32f1xx_it.o(i.SVC_Handler) for SVC_Handler
    startup_stm32f103xb.o(RESET) refers to stm32f1xx_it.o(i.DebugMon_Handler) for DebugMon_Handler
    startup_stm32f103xb.o(RESET) refers to stm32f1xx_it.o(i.PendSV_Handler) for PendSV_Handler
    startup_stm32f103xb.o(RESET) refers to stm32f1xx_it.o(i.SysTick_Handler) for SysTick_Handler
    startup_stm32f103xb.o(RESET) refers to stm32f1xx_it.o(i.TIM1_BRK_IRQHandler) for TIM1_BRK_IRQHandler
    startup_stm32f103xb.o(RESET) refers to stm32f1xx_it.o(i.TIM1_UP_IRQHandler) for TIM1_UP_IRQHandler
    startup_stm32f103xb.o(RESET) refers to stm32f1xx_it.o(i.TIM1_TRG_COM_IRQHandler) for TIM1_TRG_COM_IRQHandler
    startup_stm32f103xb.o(RESET) refers to stm32f1xx_it.o(i.TIM1_CC_IRQHandler) for TIM1_CC_IRQHandler
    startup_stm32f103xb.o(RESET) refers to stm32f1xx_it.o(i.USART1_IRQHandler) for USART1_IRQHandler
    startup_stm32f103xb.o(.text) refers (Special) to heapauxi.o(.text) for __use_two_region_memory
    startup_stm32f103xb.o(.text) refers to system_stm32f1xx.o(i.SystemInit) for SystemInit
    startup_stm32f103xb.o(.text) refers to __main.o(!!!main) for __main
    startup_stm32f103xb.o(.text) refers to startup_stm32f103xb.o(HEAP) for Heap_Mem
    startup_stm32f103xb.o(.text) refers to startup_stm32f103xb.o(STACK) for Stack_Mem
    oled.o(i.OLED_Clear) refers to oled.o(i.OLED_SetCursor) for OLED_SetCursor
    oled.o(i.OLED_Clear) refers to oled.o(i.OLED_WriteData) for OLED_WriteData
    oled.o(i.OLED_I2C_Init) refers to gpio.o(i.MX_GPIO_Init) for MX_GPIO_Init
    oled.o(i.OLED_I2C_Init) refers to oled.o(i.OLED_W_SCL) for OLED_W_SCL
    oled.o(i.OLED_I2C_Init) refers to oled.o(i.OLED_W_SDA) for OLED_W_SDA
    oled.o(i.OLED_I2C_SendByte) refers to oled.o(i.OLED_W_SDA) for OLED_W_SDA
    oled.o(i.OLED_I2C_SendByte) refers to oled.o(i.OLED_W_SCL) for OLED_W_SCL
    oled.o(i.OLED_I2C_Start) refers to oled.o(i.OLED_W_SDA) for OLED_W_SDA
    oled.o(i.OLED_I2C_Start) refers to oled.o(i.OLED_W_SCL) for OLED_W_SCL
    oled.o(i.OLED_I2C_Stop) refers to oled.o(i.OLED_W_SDA) for OLED_W_SDA
    oled.o(i.OLED_I2C_Stop) refers to oled.o(i.OLED_W_SCL) for OLED_W_SCL
    oled.o(i.OLED_Init) refers to oled.o(i.OLED_I2C_Init) for OLED_I2C_Init
    oled.o(i.OLED_Init) refers to oled.o(i.OLED_WriteCommand) for OLED_WriteCommand
    oled.o(i.OLED_Init) refers to oled.o(i.OLED_Clear) for OLED_Clear
    oled.o(i.OLED_SetCursor) refers to oled.o(i.OLED_WriteCommand) for OLED_WriteCommand
    oled.o(i.OLED_ShowBinNum) refers to oled.o(i.OLED_Pow) for OLED_Pow
    oled.o(i.OLED_ShowBinNum) refers to oled.o(i.OLED_ShowChar) for OLED_ShowChar
    oled.o(i.OLED_ShowChar) refers to oled.o(i.OLED_SetCursor) for OLED_SetCursor
    oled.o(i.OLED_ShowChar) refers to oled.o(i.OLED_WriteData) for OLED_WriteData
    oled.o(i.OLED_ShowChar) refers to oled.o(.constdata) for .constdata
    oled.o(i.OLED_ShowHexNum) refers to oled.o(i.OLED_Pow) for OLED_Pow
    oled.o(i.OLED_ShowHexNum) refers to oled.o(i.OLED_ShowChar) for OLED_ShowChar
    oled.o(i.OLED_ShowNum) refers to oled.o(i.OLED_Pow) for OLED_Pow
    oled.o(i.OLED_ShowNum) refers to oled.o(i.OLED_ShowChar) for OLED_ShowChar
    oled.o(i.OLED_ShowSignedNum) refers to oled.o(i.OLED_ShowChar) for OLED_ShowChar
    oled.o(i.OLED_ShowSignedNum) refers to oled.o(i.OLED_Pow) for OLED_Pow
    oled.o(i.OLED_ShowString) refers to oled.o(i.OLED_ShowChar) for OLED_ShowChar
    oled.o(i.OLED_W_SCL) refers to stm32f1xx_hal_gpio.o(i.HAL_GPIO_WritePin) for HAL_GPIO_WritePin
    oled.o(i.OLED_W_SDA) refers to stm32f1xx_hal_gpio.o(i.HAL_GPIO_WritePin) for HAL_GPIO_WritePin
    oled.o(i.OLED_WriteCommand) refers to oled.o(i.OLED_I2C_Start) for OLED_I2C_Start
    oled.o(i.OLED_WriteCommand) refers to oled.o(i.OLED_I2C_SendByte) for OLED_I2C_SendByte
[...]
    S                                        0x08005d70   Data          40  sin_i.o(.constdata)
    .constdata                               0x08005d98   Section       38  _printf_fp_hex.o(.constdata)
    lc_hextab                                0x08005d98   Data          19  _printf_fp_hex.o(.constdata)
    uc_hextab                                0x08005dab   Data          19  _printf_fp_hex.o(.constdata)
    .constdata                               0x08005dc0   Section      148  bigflt0.o(.constdata)
    tenpwrs_x                                0x08005dc0   Data          60  bigflt0.o(.constdata)
    tenpwrs_i                                0x08005dfc   Data          64  bigflt0.o(.constdata)
    locale$$data                             0x08005e74   Section       28  lc_numeric_c.o(locale$$data)
    __lcnum_c_name                           0x08005e78   Data           2  lc_numeric_c.o(locale$$data)
    __lcnum_c_start                          0x08005e80   Data           0  lc_numeric_c.o(locale$$data)
    __lcnum_c_point                          0x08005e8c   Data           0  lc_numeric_c.o(locale$$data)
    __lcnum_c_thousands                      0x08005e8e   Data           0  lc_numeric_c.o(locale$$data)
    __lcnum_c_grouping                       0x08005e8f   Data           0  lc_numeric_c.o(locale$$data)
    locale$$data                             0x08005e90   Section      272  lc_ctype_c.o(locale$$data)
    __lcnum_c_end                            0x08005e90   Data           0  lc_numeric_c.o(locale$$data)
    __lcctype_c_name                         0x08005e94   Data           2  lc_ctype_c.o(locale$$data)
    __lcctype_c_start                        0x08005e9c   Data           0  lc_ctype_c.o(locale$$data)
    __lcctype_c_end                          0x08005fa0   Data           0  lc_ctype_c.o(locale$$data)
    .data                                    0x20000000   Section        1  serial.o(.data)
    .data                                    0x20000001   Section        1  serial.o(.data)
    .data                                    0x20000004   Section       33  main.o(.data)
    .data                                    0x20000028   Section       12  stm32f1xx_hal.o(.data)
    .data                                    0x20000034   Section        4  system_stm32f1xx.o(.data)
    .bss                                     0x20000038   Section       88  main.o(.bss)
    .bss                                     0x20000090   Section      216  tim.o(.bss)
    .bss                                     0x20000168   Section       72  usart.o(.bss)
    .bss                                     0x200001b0   Section       96  libspace.o(.bss)
    HEAP                                     0x20000210   Section      512  startup_stm32f103xb.o(HEAP)
    Heap_Mem                                 0x20000210   Data         512  startup_stm32f103xb.o(HEAP)
    STACK                                    0x20000410   Section     1024  startup_stm32f103xb.o(STACK)
    Stack_Mem                                0x20000410   Data        1024  startup_stm32f103xb.o(STACK)
    __initial_sp                             0x20000810   Data           0  startup_stm32f103xb.o(STACK)

    Global Symbols

    Symbol Name                              Value     Ov Type        Size  Object(Section)

    BuildAttributes$$THM_ISAv4$P$D$K$B$S$PE$A:L22UL41UL21$X:L11$S22US41US21$IEEE1$IW$USESV6$~STKCKD$USESV7$~SHL$OTIME$ROPI$IEEEX$EBA8$UX$STANDARDLIB$REQ8$PRES8$EABIv2 0x00000000   Number         0  anon$$obj.o ABSOLUTE
    __ARM_use_no_argv                        0x00000000   Number         0  main.o ABSOLUTE
    _printf_flags                            0x00000000   Number         0  printf_stubs.o ABSOLUTE
    _printf_return_value                     0x00000000   Number         0  printf_stubs.o ABSOLUTE
    _printf_sizespec                         0x00000000   Number         0  printf_stubs.o ABSOLUTE
    _printf_widthprec                        0x00000000   Number         0  printf_stubs.o ABSOLUTE
    __ARM_exceptions_init                     - Undefined Weak Reference
    __alloca_initialize                       - Undefined Weak Reference
    __arm_preinit_                            - Undefined Weak Reference
    __cpp_initialize__aeabi_                  - Undefined Weak Reference
    __cxa_finalize                            - Undefined Weak Reference
    __sigvec_lookup                           - Undefined Weak Reference
    _atexit_init                              - Undefined Weak Reference
    _call_atexit_fns                          - Undefined Weak Reference
    _clock_init                               - Undefined Weak Reference
    _fp_trap_init                             - Undefined Weak Reference
    _fp_trap_shutdown                         - Undefined Weak Reference
    _get_lc_collate                           - Undefined Weak Reference
    _get_lc_monetary                          - Undefined Weak Reference
    _get_lc_time                              - Undefined Weak Reference
    _getenv_init                              - Undefined Weak Reference
    _handle_redirection                       - Undefined Weak Reference
    _init_alloc                               - Undefined Weak Reference
    _init_user_alloc                          - Undefined Weak Reference
    _initio                                   - Undefined Weak Reference
    _printf_mbtowc                            - Undefined Weak Reference
    _printf_wc                                - Undefined Weak Reference
    _rand_init                                - Undefined Weak Reference
    _signal_finish                            - Undefined Weak Reference
    _signal_init                              - Undefined Weak Reference
    _terminate_alloc                          - Undefined Weak Reference
    _terminate_user_alloc                     - Undefined Weak Reference
    _terminateio                              - Undefined Weak Reference
    __Vectors_Size                           0x000000ec   Number         0  startup_stm32f103xb.o ABSOLUTE
    __Vectors                                0x08000000   Data           4  startup_stm32f103xb.o(RESET)
    __Vectors_End                            0x080000ec   Data           0  startup_stm32f103xb.o(RESET)
    __main                                   0x080000ed   Thumb Code     8  __main.o(!!!main)
    __scatterload                            0x080000f5   Thumb Code     0  __scatter.o(!!!scatter)
    __scatterload_rt2                        0x080000f5   Thumb Code    44  __scatter.o(!!!scatter)
    __scatterload_rt2_thumb_only             0x080000f5   Thumb Code     0  __scatter.o(!!!scatter)
    __scatterload_null                       0x08000103   Thumb Code     0  __scatter.o(!!!scatter)
    __scatterload_copy                       0x08000129   Thumb Code    26  __scatter_copy.o(!!handler_copy)
    __scatterload_zeroinit                   0x08000145   Thumb Code    28  __scatter_zi.o(!!handler_zi)
    _printf_n                                0x08000161   Thumb Code     0  _printf_n.o(.ARM.Collect$$_printf_percent$$00000001)
    _printf_percent                          0x08000161   Thumb Code     0  _printf_percent.o(.ARM.Collect$$_printf_percent$$00000000)
    _printf_p                                0x08000167   Thumb Code     0  _printf_p.o(.ARM.Collect$$_printf_percent$$00000002)
    _printf_f                                0x0800016d   Thumb Code     0  _printf_f.o(.ARM.Collect$$_printf_percent$$00000003)
    _printf_e                                0x08000173   Thumb Code     0  _printf_e.o(.ARM.Collect$$_printf_percent$$00000004)
    _printf_g                                0x08000179   Thumb Code     0  _printf_g.o(.ARM.Collect$$_printf_percent$$00000005)
    _printf_a                                0x0800017f   Thumb Code     0  _printf_a.o(.ARM.Collect$$_printf_percent$$00000006)
    _printf_ll                               0x08000185   Thumb Code     0  _printf_ll.o(.ARM.Collect$$_printf_percent$$00000007)
    _printf_i                                0x0800018f   Thumb Code     0  _printf_i.o(.ARM.Collect$$_printf_percent$$00000008)
    _printf_d                                0x08000195   Thumb Code     0  _printf_d.o(.ARM.Collect$$_printf_percent$$00000009)
    _printf_u                                0x0800019b   Thumb Code     0  _printf_u.o(.ARM.Collect$$_printf_percent$$0000000A)
    _printf_o                                0x080001a1   Thumb Code     0  _printf_o.o(.ARM.Collect$$_printf_percent$$0000000B)
    _printf_x                                0x080001a7   Thumb Code     0  _printf_x.o(.ARM.Collect$$_printf_percent$$0000000C)
    _printf_lli                              0x080001ad   Thumb Code     0  _printf_lli.o(.ARM.Collect$$_printf_percent$$0000000D)
    _printf_lld                              0x080001b3   Thumb Code     0  _printf_lld.o(.ARM.Collect$$_printf_percent$$0000000E)
    _printf_llu                              0x080001b9   Thumb Code     0  _printf_llu.o(.ARM.Collect$$_printf_percent$$0000000F)
    _printf_llo                              0x080001bf   Thumb Code     0  _printf_llo.o(.ARM.Collect$$_printf_percent$$00000010)
    _printf_llx                              0x080001c5   Thumb Code     0  _printf_llx.o(.ARM.Collect$$_printf_percent$$00000011)
    _printf_l                                0x080001cb   Thumb Code     0  _printf_l.o(.ARM.Collect$$_printf_percent$$00000012)
    _printf_c                                0x080001d5   Thumb Code     0  _printf_c.o(.ARM.Collect$$_printf_percent$$00000013)
    _printf_s                                0x080001db   Thumb Code     0  _printf_s.o(.ARM.Collect$$_printf_percent$$00000014)
    _printf_lc                               0x080001e1   Thumb Code     0  _printf_lc.o(.ARM.Collect$$_printf_percent$$00000015)
    _printf_ls                               0x080001e7   Thumb Code     0  _printf_ls.o(.ARM.Collect$$_printf_percent$$00000016)
    _printf_percent_end                      0x080001ed   Thumb Code     0  _printf_percent_end.o(.ARM.Collect$$_printf_percent$$00000017)
    __rt_lib_init                            0x080001f1   Thumb Code     0  libinit.o(.ARM.Collect$$libinit$$00000000)
    __rt_lib_init_fp_1                       0x080001f3   Thumb Code     0  libinit2.o(.ARM.Collect$$libinit$$00000002)
    __rt_lib_init_heap_1                     0x080001f3   Thumb Code     0  libinit2.o(.ARM.Collect$$libinit$$0000000A)
    __rt_lib_init_lc_common                  0x080001f3   Thumb Code     0  libinit2.o(.ARM.Collect$$libinit$$0000000F)
    __rt_lib_init_preinit_1                  0x080001f3   Thumb Code     0  libinit2.o(.ARM.Collect$$libinit$$00000004)
    __rt_lib_init_rand_1                     0x080001f3   Thumb Code     0  libinit2.o(.ARM.Collect$$libinit$$0000000E)
    __rt_lib_init_user_alloc_1               0x080001f3   Thumb Code     0  libinit2.o(.ARM.Collect$$libinit$$0000000C)
    __rt_lib_init_lc_collate_1               0x080001f9   Thumb Code     0  libinit2.o(.ARM.Collect$$libinit$$00000011)
    __rt_lib_init_lc_ctype_2                 0x080001f9   Thumb Code     0  libinit2.o(.ARM.Collect$$libinit$$00000012)
    __rt_lib_init_lc_ctype_1                 0x08000205   Thumb Code     0  libinit2.o(.ARM.Collect$$libinit$$00000013)
    __rt_lib_init_lc_monetary_1              0x08000205   Thumb Code     0  libinit2.o(.ARM.Collect$$libinit$$00000015)
    __rt_lib_init_lc_numeric_2               0x08000205   Thumb Code     0  libinit2.o(.ARM.Collect$$libinit$$00000016)
    __rt_lib_init_alloca_1                   0x0800020f   Thumb Code     0  libinit2.o(.ARM.Collect$$libinit$$0000002E)
    __rt_lib_init_argv_1                     0x0800020f   Thumb Code     0  libinit2.o(.ARM.Collect$$libinit$$0000002C)
    __rt_lib_init_atexit_1                   0x0800020f   Thumb Code     0  libinit2.o(.ARM.Collect$$libinit$$0000001B)
    __rt_lib_init_clock_1                    0x0800020f   Thumb Code     0  libinit2.o(.ARM.Collect$$libinit$$00000021)
    __rt_lib_init_cpp_1                      0x0800020f   Thumb Code     0  libinit2.o(.ARM.Collect$$libinit$$00000032)
    __rt_lib_init_exceptions_1               0x0800020f   Thumb Code     0  libinit2.o(.ARM.Collect$$libinit$$00000030)
    __rt_lib_init_fp_trap_1                  0x0800020f   Thumb Code     0  libinit2.o(.ARM.Collect$$libinit$$0000001F)
    __rt_lib_init_getenv_1                   0x0800020f   Thumb Code     0  libinit2.o(.ARM.Collect$$libinit$$00000023)
    __rt_lib_init_lc_numeric_1               0x0800020f   Thumb Code     0  libinit2.o(.ARM.Collect$$libinit$$00000017)
    __rt_lib_init_lc_time_1                  0x0800020f   Thumb Code     0  libinit2.o(.ARM.Collect$$libinit$$00000019)
    __rt_lib_init_return                     0x0800020f   Thumb Code     0  libinit2.o(.ARM.Collect$$libinit$$00000033)
    __rt_lib_init_signal_1                   0x0800020f   Thumb Code     0  libinit2.o(.ARM.Collect$$libinit$$0000001D)
    __rt_lib_init_stdio_1                    0x0800020f   Thumb Code     0  libinit2.o(.ARM.Collect$$libinit$$00000025)
    __rt_lib_shutdown                        0x08000211   Thumb Code     0  libshutdown.o(.ARM.Collect$$libshutdown$$00000000)
    __rt_lib_shutdown_cpp_1                  0x08000213   Thumb Code     0  libshutdown2.o(.ARM.Collect$$libshutdown$$00000002)
    __rt_lib_shutdown_fp_trap_1              0x08000213   Thumb Code     0  libshutdown2.o(.ARM.Collect$$libshutdown$$00000007)
    __rt_lib_shutdown_heap_1                 0x08000213   Thumb Code     0  libshutdown2.o(.ARM.Collect$$libshutdown$$0000000F)
    __rt_lib_shutdown_return                 0x08000213   Thumb Code     0  libshutdown2.o(.ARM.Collect$$libshutdown$$00000010)
    __rt_lib_shutdown_signal_1               0x08000213   Thumb Code     0  libshutdown2.o(.ARM.Collect$$libshutdown$$0000000A)
    __rt_lib_shutdown_stdio_1                0x08000213   Thumb Code     0  libshutdown2.o(.ARM.Collect$$libshutdown$$00000004)
    __rt_lib_shutdown_user_alloc_1           0x08000213   Thumb Code     0  libshutdown2.o(.ARM.Collect$$libshutdown$$0000000C)
    __rt_entry                               0x08000215   Thumb Code     0  __rtentry.o(.ARM.Collect$$rtentry$$00000000)
    __rt_entry_presh_1                       0x08000215   Thumb Code     0  __rtentry2.o(.ARM.Collect$$rtentry$$00000002)
    __rt_entry_sh                            0x08000215   Thumb Code     0  __rtentry4.o(.ARM.Collect$$rtentry$$00000004)
    __rt_entry_li                            0x0800021b   Thumb Code     0  __rtentry2.o(.ARM.Collect$$rtentry$$0000000A)
    __rt_entry_postsh_1                      0x0800021b   Thumb Code     0  __rtentry2.o(.ARM.Collect$$rtentry$$00000009)
    __rt_entry_main                          0x0800021f   Thumb Code     0  __rtentry2.o(.ARM.Collect$$rtentry$$0000000D)
    __rt_entry_postli_1                      0x0800021f   Thumb Code     0  __rtentry2.o(.ARM.Collect$$rtentry$$0000000C)
    __rt_exit                                0x08000227   Thumb Code     0  rtexit.o(.ARM.Collect$$rtexit$$00000000)
    __rt_exit_ls                             0x08000229   Thumb Code     0  rtexit2.o(.ARM.Collect$$rtexit$$00000003)
    __rt_exit_prels_1                        0x08000229   Thumb Code     0  rtexit2.o(.ARM.Collect$$rtexit$$00000002)
    __rt_exit_exit                           0x0800022d   Thumb Code     0  rtexit2.o(.ARM.Collect$$rtexit$$00000004)
    Reset_Handler                            0x08000235   Thumb Code     8  startup_stm32f103xb.o(.text)
    ADC1_2_IRQHandler                        0x0800024f   Thumb Code     0  startup_stm32f103xb.o(.text)
    CAN1_RX1_IRQHandler                      0x0800024f   Thumb Code     0  startup_stm32f103xb.o(.text)
    CAN1_SCE_IRQHandler                      0x0800024f   Thumb Code     0  startup_stm32f103xb.o(.text)
    DMA1_Channel1_IRQHandler                 0x0800024f   Thumb Code     0  startup_stm32f103xb.o(.text)
    DMA1_Channel2_IRQHandler                 0x0800024f   Thumb Code     0  startup_stm32f103xb.o(.text)
    DMA1_Channel3_IRQHandler                 0x0800024f   Thumb Code     0  startup_stm32f103xb.o(.text)
    DMA1_Channel4_IRQHandler                 0x0800024f   Thumb Code     0  startup_stm32f103xb.o(.text)
    DMA1_Channel5_IRQHandler                 0x0800024f   Thumb Code     0  startup_stm32f103xb.o(.text)
    DMA1_Channel6_IRQHandler                 0x0800024f   Thumb Code     0  startup_stm32f103xb.o(.text)
    DMA1_Channel7_IRQHandler                 0x0800024f   Thumb Code     0  startup_stm32f103xb.o(.text)
    EXTI0_IRQHandler                         0x0800024f   Thumb Code     0  startup_stm32f103xb.o(.text)
    EXTI15_10_IRQHandler                     0x0800024f   Thumb Code     0  startup_stm32f103xb.o(.text)
    EXTI1_IRQHandler                         0x0800024f   Thumb Code     0  startup_stm32f103xb.o(.text)
    EXTI2_IRQHandler                         0x0800024f   Thumb Code     0  startup_stm32f103xb.o(.text)
    EXTI3_IRQHandler                         0x0800024f   Thumb Code     0  startup_stm32f103xb.o(.text)
    EXTI4_IRQHandler                         0x0800024f   Thumb Code     0  startup_stm32f103xb.o(.text)
    EXTI9_5_IRQHandler                       0x0800024f   Thumb Code     0  startup_stm32f103xb.o(.text)
    FLASH_IRQHandler                         0x0800024f   Thumb Code     0  startup_stm32f103xb.o(.text)
    I2C1_ER_IRQHandler                       0x0800024f   Thumb Code     0  startup_stm32f103xb.o(.text)
    I2C1_EV_IRQHandler                       0x0800024f   Thumb Code     0  startup_stm32f103xb.o(.text)
    I2C2_ER_IRQHandler                       0x0800024f   Thumb Code     0  startup_stm32f103xb.o(.text)
    I2C2_EV_IRQHandler                       0x0800024f   Thumb Code     0  startup_stm32f103xb.o(.text)
    PVD_IRQHandler                           0x0800024f   Thumb Code     0  startup_stm32f103xb.o(.text)
    RCC_IRQHandler                           0x0800024f   Thumb Code     0  startup_stm32f103xb.o(.text)
    RTC_Alarm_IRQHandler                     0x0800024f   Thumb Code     0  startup_stm32f103xb.o(.text)
    RTC_IRQHandler                           0x0800024f   Thumb Code     0  startup_stm32f103xb.o(.text)
    SPI1_IRQHandler                          0x0800024f   Thumb Code     0  startup_stm32f103xb.o(.text)
    SPI2_IRQHandler                          0x0800024f   Thumb Code     0  startup_stm32f103xb.o(.text)
    TAMPER_IRQHandler                        0x0800024f   Thumb Code     0  startup_stm32f103xb.o(.text)
    TIM2_IRQHandler                          0x0800024f   Thumb Code     0  startup_stm32f103xb.o(.text)
    TIM3_IRQHandler                          0x0800024f   Thumb Code     0  startup_stm32f103xb.o(.text)
    TIM4_IRQHandler                          0x0800024f   Thumb Code     0  startup_stm32f103xb.o(.text)
    USART2_IRQHandler                        0x0800024f   Thumb Code     0  startup_stm32f103xb.o(.text)
    USART3_IRQHandler                        0x0800024f   Thumb Code     0  startup_stm32f103xb.o(.text)
    USBWakeUp_IRQHandler                     0x0800024f   Thumb Code     0  startup_stm32f103xb.o(.text)
    USB_HP_CAN1_TX_IRQHandler                0x0800024f   Thumb Code     0  startup_stm32f103xb.o(.text)
    USB_LP_CAN1_RX0_IRQHandler               0x0800024f   Thumb Code     0  startup_stm32f103xb.o(.text)
    WWDG_IRQHandler                          0x0800024f   Thumb Code     0  startup_stm32f103xb.o(.text)
    __user_initial_stackheap                 0x08000251   Thumb Code     0  startup_stm32f103xb.o(.text)
    vsprintf                                 0x08000275   Thumb Code    32  vsprintf.o(.text)
    strlen                                   0x08000299   Thumb Code    62  strlen.o(.text)
    __aeabi_memclr4                          0x080002d7   Thumb Code     0  rt_memclr_w.o(.text)
    __aeabi_memclr8                          0x080002d7   Thumb Code     0  rt_memclr_w.o(.text)
    __rt_memclr_w                            0x080002d7   Thumb Code    78  rt_memclr_w.o(.text)
    _memset_w                                0x080002db   Thumb Code     0  rt_memclr_w.o(.text)
    __use_two_region_memory                  0x08000325   Thumb Code     2  heapauxi.o(.text)
    __rt_heap_escrow$2region                 0x08000327   Thumb Code     2  heapauxi.o(.text)
    __rt_heap_expand$2region                 0x08000329   Thumb Code     2  heapauxi.o(.text)
    __read_errno                             0x0800032b   Thumb Code    10  _rserrno.o(.text)
    __set_errno                              0x08000335   Thumb Code    12  _rserrno.o(.text)
    _printf_pre_padding                      0x08000341   Thumb Code    44  _printf_pad.o(.text)
    _printf_post_padding                     0x0800036d   Thumb Code    34  _printf_pad.o(.text)
    _printf_truncate_signed                  0x0800038f   Thumb Code    18  _printf_truncate.o(.text)
    _printf_truncate_unsigned                0x080003a1   Thumb Code    18  _printf_truncate.o(.text)
    _printf_str                              0x080003b3   Thumb Code    82  _printf_str.o(.text)
    _printf_int_dec                          0x08000405   Thumb Code   104  _printf_dec.o(.text)
    _printf_charcount                        0x0800047d   Thumb Code    40  _printf_charcount.o(.text)
    _printf_char_common                      0x080004af   Thumb Code    32  _printf_char_common.o(.text)
    _sputc                                   0x080004d5   Thumb Code    10  _sputc.o(.text)
    _printf_wctomb                           0x080004e1   Thumb Code   182  _printf_wctomb.o(.text)
    _printf_longlong_dec                     0x0800059d   Thumb Code   108  _printf_longlong_dec.o(.text)
    _printf_longlong_oct                     0x08000619   Thumb Code    66  _printf_oct_int_ll.o(.text)
    _printf_int_oct                          0x0800065b   Thumb Code    24  _printf_oct_int_ll.o(.text)
    _printf_ll_oct                           0x08000673   Thumb Code    12  _printf_oct_int_ll.o(.text)
    _printf_longlong_hex                     0x08000689   Thumb Code    86  _printf_hex_int_ll_ptr.o(.text)
    _printf_int_hex                          0x080006df   Thumb Code    28  _printf_hex_int_ll_ptr.o(.text)
    _printf_ll_hex                           0x080006fb   Thumb Code    12  _printf_hex_int_ll_ptr.o(.text)
    _printf_hex_ptr                          0x08000707   Thumb Code    18  _printf_hex_int_ll_ptr.o(.text)
    __printf                                 0x0800071d   Thumb Code   388  __printf_flags_ss_wp.o(.text)
    __aeabi_errno_addr                       0x080008a5   Thumb Code     8  rt_errno_addr_intlibspace.o(.text)
    __errno$intlibspace                      0x080008a5   Thumb Code     0  rt_errno_addr_intlibspace.o(.text)
    __rt_errno_addr$intlibspace              0x080008a5   Thumb Code     0  rt_errno_addr_intlibspace.o(.text)
    _ll_udiv10                               0x080008ad   Thumb Code   138  lludiv10.o(.text)
    _printf_int_common                       0x08000937   Thumb Code   178  _printf_intcommon.o(.text)
    __lib_sel_fp_printf                      0x080009e9   Thumb Code     2  _printf_fp_dec.o(.text)
    _printf_fp_dec_real                      0x08000b9b   Thumb Code   620  _printf_fp_dec.o(.text)
    _printf_fp_hex_real                      0x08000e09   Thumb Code   756  _printf_fp_hex.o(.text)
    _printf_cs_common                        0x08001105   Thumb Code    20  _printf_char.o(.text)
    _printf_char                             0x08001119   Thumb Code    16  _printf_char.o(.text)
    _printf_string                           0x08001129   Thumb Code     8  _printf_char.o(.text)
    _printf_lcs_common                       0x08001131   Thumb Code    20  _printf_wchar.o(.text)
    _printf_wchar                            0x08001145   Thumb Code    16  _printf_wchar.o(.text)
    _printf_wstring                          0x08001155   Thumb Code     8  _printf_wchar.o(.text)
    _wcrtomb                                 0x0800115d   Thumb Code    64  _wcrtomb.o(.text)
    __user_libspace                          0x0800119d   Thumb Code     8  libspace.o(.text)
    __user_perproc_libspace                  0x0800119d   Thumb Code     0  libspace.o(.text)
    __user_perthread_libspace                0x0800119d   Thumb Code     0  libspace.o(.text)
    __user_setup_stackheap                   0x080011a5   Thumb Code    74  sys_stackheap_outer.o(.text)
    __rt_ctype_table                         0x080011f1   Thumb Code    16  rt_ctype_table.o(.text)
    __rt_locale                              0x08001201   Thumb Code     8  rt_locale_intlibspace.o(.text)
    _printf_fp_infnan                        0x08001209   Thumb Code   112  _printf_fp_infnan.o(.text)
    _btod_etento                             0x08001289   Thumb Code   224  bigflt0.o(.text)
    exit                                     0x0800136d   Thumb Code    18  exit.o(.text)
    strcmp                                   0x08001381   Thumb Code   128  strcmpv7m.o(.text)
    _sys_exit                                0x08001401   Thumb Code     8  sys_exit.o(.text)
    __I$use$semihosting                      0x0800140d   Thumb Code     0  use_no_semi.o(.text)
    __use_no_semihosting_swi                 0x0800140d   Thumb Code     2  use_no_semi.o(.text)
    __semihosting_library_function           0x0800140f   Thumb Code     0  indicate_semi.o(.text)
    _btod_d2e                                0x0800140f   Thumb Code    62  btod.o(CL$$btod_d2e)
    _d2e_denorm_low                          0x0800144d   Thumb Code    70  btod.o(CL$$btod_d2e_denorm_low)
    _d2e_norm_op1                            0x08001493   Thumb Code    96  btod.o(CL$$btod_d2e_norm_op1)
    __btod_div_common                        0x080014f3   Thumb Code   696  btod.o(CL$$btod_div_common)
    _e2e                                     0x0800182b   Thumb Code   220  btod.o(CL$$btod_e2e)
    _btod_ediv                               0x08001907   Thumb Code    42  btod.o(CL$$btod_ediv)
    _btod_emul                               0x08001931   Thumb Code    42  btod.o(CL$$btod_emul)
    __btod_mult_common                       0x0800195b   Thumb Code   580  btod.o(CL$$btod_mult_common)
    BusFault_Handler                         0x08001b9f   Thumb Code     2  stm32f1xx_it.o(i.BusFault_Handler)
    DebugMon_Handler                         0x08001ba1   Thumb Code     2  stm32f1xx_it.o(i.DebugMon_Handler)
    Encoder_Get                              0x08001ba5   Thumb Code    14  main.o(i.Encoder_Get)
    Error_Handler                            0x08001bb9   Thumb Code     4  main.o(i.Error_Handler)
    HAL_DMA_Abort                            0x08001bbd   Thumb Code    70  stm32f1xx_hal_dma.o(i.HAL_DMA_Abort)
    HAL_DMA_Abort_IT                         0x08001c05   Thumb Code   148  stm32f1xx_hal_dma.o(i.HAL_DMA_Abort_IT)
    HAL_Delay                                0x08001c9d   Thumb Code    32  stm32f1xx_hal.o(i.HAL_Delay)
    HAL_GPIO_Init                            0x08001cc1   Thumb Code   446  stm32f1xx_hal_gpio.o(i.HAL_GPIO_Init)
    HAL_GPIO_WritePin                        0x08001ea1   Thumb Code    10  stm32f1xx_hal_gpio.o(i.HAL_GPIO_WritePin)
    HAL_GetTick                              0x08001ead   Thumb Code     6  stm32f1xx_hal.o(i.HAL_GetTick)
    HAL_IncTick                              0x08001eb9   Thumb Code    12  stm32f1xx_hal.o(i.HAL_IncTick)
    HAL_Init                                 0x08001ec9   Thumb Code    32  stm32f1xx_hal.o(i.HAL_Init)
    HAL_InitTick                             0x08001eed   Thumb Code    54  stm32f1xx_hal.o(i.HAL_InitTick)
    HAL_MspInit                              0x08001f2d   Thumb Code    52  stm32f1xx_hal_msp.o(i.HAL_MspInit)
    HAL_NVIC_EnableIRQ                       0x08001f69   Thumb Code    26  stm32f1xx_hal_cortex.o(i.HAL_NVIC_EnableIRQ)
    HAL_NVIC_SetPriority                     0x08001f85   Thumb Code    60  stm32f1xx_hal_cortex.o(i.HAL_NVIC_SetPriority)
    HAL_NVIC_SetPriorityGrouping             0x08001fc5   Thumb Code    26  stm32f1xx_hal_cortex.o(i.HAL_NVIC_SetPriorityGrouping)
    HAL_RCC_ClockConfig                      0x08001fe9   Thumb Code   280  stm32f1xx_hal_rcc.o(i.HAL_RCC_ClockConfig)
    HAL_RCC_GetPCLK1Freq                     0x08002115   Thumb Code    20  stm32f1xx_hal_rcc.o(i.HAL_RCC_GetPCLK1Freq)
    HAL_RCC_GetPCLK2Freq                     0x08002135   Thumb Code    20  stm32f1xx_hal_rcc.o(i.HAL_RCC_GetPCLK2Freq)
    HAL_RCC_GetSysClockFreq                  0x08002155   Thumb Code    58  stm32f1xx_hal_rcc.o(i.HAL_RCC_GetSysClockFreq)
    HAL_RCC_OscConfig                        0x080021a1   Thumb Code   778  stm32f1xx_hal_rcc.o(i.HAL_RCC_OscConfig)
    HAL_SYSTICK_Config                       0x080024c1   Thumb Code    40  stm32f1xx_hal_cortex.o(i.HAL_SYSTICK_Config)
    HAL_TIMEx_BreakCallback                  0x080024e9   Thumb Code     2  stm32f1xx_hal_tim_ex.o(i.HAL_TIMEx_BreakCallback)
    HAL_TIMEx_CommutCallback                 0x080024eb   Thumb Code     2  stm32f1xx_hal_tim_ex.o(i.HAL_TIMEx_CommutCallback)
    HAL_TIMEx_MasterConfigSynchronization    0x080024ed   Thumb Code    92  stm32f1xx_hal_tim_ex.o(i.HAL_TIMEx_MasterConfigSynchronization)
    HAL_TIM_Base_Init                        0x08002555   Thumb Code    90  stm32f1xx_hal_tim.o(i.HAL_TIM_Base_Init)
    HAL_TIM_Base_MspInit                     0x080025b1   Thumb Code   120  tim.o(i.HAL_TIM_Base_MspInit)
    HAL_TIM_Base_Start_IT                    0x08002631   Thumb Code    76  stm32f1xx_hal_tim.o(i.HAL_TIM_Base_Start_IT)
    HAL_TIM_ConfigClockSource                0x08002689   Thumb Code   220  stm32f1xx_hal_tim.o(i.HAL_TIM_ConfigClockSource)
    HAL_TIM_Encoder_Init                     0x08002765   Thumb Code   164  stm32f1xx_hal_tim.o(i.HAL_TIM_Encoder_Init)
    HAL_TIM_Encoder_MspInit                  0x08002809   Thumb Code    76  tim.o(i.HAL_TIM_Encoder_MspInit)
    HAL_TIM_Encoder_Start                    0x08002861   Thumb Code   142  stm32f1xx_hal_tim.o(i.HAL_TIM_Encoder_Start)
    HAL_TIM_IC_CaptureCallback               0x080028ef   Thumb Code     2  stm32f1xx_hal_tim.o(i.HAL_TIM_IC_CaptureCallback)
    HAL_TIM_IRQHandler                       0x080028f1   Thumb Code   304  stm32f1xx_hal_tim.o(i.HAL_TIM_IRQHandler)
    HAL_TIM_MspPostInit                      0x08002a21   Thumb Code    62  tim.o(i.HAL_TIM_MspPostInit)
    HAL_TIM_OC_DelayElapsedCallback          0x08002a69   Thumb Code     2  stm32f1xx_hal_tim.o(i.HAL_TIM_OC_DelayElapsedCallback)
    HAL_TIM_PWM_ConfigChannel                0x08002a6b   Thumb Code   204  stm32f1xx_hal_tim.o(i.HAL_TIM_PWM_ConfigChannel)
    HAL_TIM_PWM_Init                         0x08002b37   Thumb Code    90  stm32f1xx_hal_tim.o(i.HAL_TIM_PWM_Init)
    HAL_TIM_PWM_MspInit                      0x08002b91   Thumb Code     2  stm32f1xx_hal_tim.o(i.HAL_TIM_PWM_MspInit)
    HAL_TIM_PWM_PulseFinishedCallback        0x08002b93   Thumb Code     2  stm32f1xx_hal_tim.o(i.HAL_TIM_PWM_PulseFinishedCallback)
    HAL_TIM_PWM_Start                        0x08002b95   Thumb Code   144  stm32f1xx_hal_tim.o(i.HAL_TIM_PWM_Start)
    HAL_TIM_PeriodElapsedCallback            0x08002c31   Thumb Code    12  main.o(i.HAL_TIM_PeriodElapsedCallback)
    HAL_TIM_TriggerCallback                  0x08002c41   Thumb Code     2  stm32f1xx_hal_tim.o(i.HAL_TIM_TriggerCallback)
    HAL_UARTEx_RxEventCallback               0x08002c43   Thumb Code     2  stm32f1xx_hal_uart.o(i.HAL_UARTEx_RxEventCallback)
    HAL_UART_ErrorCallback                   0x08002c45   Thumb Code     2  stm32f1xx_hal_uart.o(i.HAL_UART_ErrorCallback)
    HAL_UART_IRQHandler                      0x08002c49   Thumb Code   616  stm32f1xx_hal_uart.o(i.HAL_UART_IRQHandler)
    HAL_UART_Init                            0x08002eb5   Thumb Code   100  stm32f1xx_hal_uart.o(i.HAL_UART_Init)
    HAL_UART_MspInit                         0x08002f19   Thumb Code   116  usart.o(i.HAL_UART_MspInit)
    HAL_UART_Receive_IT                      0x08002f99   Thumb Code    28  stm32f1xx_hal_uart.o(i.HAL_UART_Receive_IT)
    HAL_UART_RxCpltCallback                  0x08002fb5   Thumb Code   138  main.o(i.HAL_UART_RxCpltCallback)
    HAL_UART_Transmit                        0x08003065   Thumb Code   160  stm32f1xx_hal_uart.o(i.HAL_UART_Transmit)
    HAL_UART_TxCpltCallback                  0x08003105   Thumb Code     2  stm32f1xx_hal_uart.o(i.HAL_UART_TxCpltCallback)
    HardFault_Handler                        0x08003107   Thumb Code     2  stm32f1xx_it.o(i.HardFault_Handler)
    MX_GPIO_Init                             0x08003109   Thumb Code   142  gpio.o(i.MX_GPIO_Init)
    MX_TIM1_Init                             0x080031a5   Thumb Code    98  tim.o(i.MX_TIM1_Init)
    MX_TIM2_Init                             0x08003211   Thumb Code   144  tim.o(i.MX_TIM2_Init)
    MX_TIM3_Init                             0x080032a5   Thumb Code    98  tim.o(i.MX_TIM3_Init)
    MX_USART1_UART_Init                      0x08003311   Thumb Code    48  usart.o(i.MX_USART1_UART_Init)
    MemManage_Handler                        0x08003349   Thumb Code     2  stm32f1xx_it.o(i.MemManage_Handler)
    MotorControl                             0x0800334d   Thumb Code    52  main.o(i.MotorControl)
    Motor_SetSpeed                           0x08003389   Thumb Code    64  main.o(i.Motor_SetSpeed)
    NMI_Handler                              0x080033d1   Thumb Code     2  stm32f1xx_it.o(i.NMI_Handler)
    OLED_Clear                               0x080033d3   Thumb Code    38  oled.o(i.OLED_Clear)
    OLED_I2C_Init                            0x080033f9   Thumb Code    22  oled.o(i.OLED_I2C_Init)
    OLED_I2C_SendByte                        0x0800340f   Thumb Code    54  oled.o(i.OLED_I2C_SendByte)
    OLED_I2C_Start                           0x08003445   Thumb Code    30  oled.o(i.OLED_I2C_Start)
    OLED_I2C_Stop                            0x08003463   Thumb Code    24  oled.o(i.OLED_I2C_Stop)
    OLED_Init                                0x0800347b   Thumb Code   172  oled.o(i.OLED_Init)
    OLED_Pow                                 0x08003527   Thumb Code    14  oled.o(i.OLED_Pow)
    OLED_SetCursor                           0x08003535   Thumb Code    34  oled.o(i.OLED_SetCursor)
    OLED_ShowChar                            0x08003559   Thumb Code    98  oled.o(i.OLED_ShowChar)
    OLED_ShowSignedNum                       0x080035c1   Thumb Code    88  oled.o(i.OLED_ShowSignedNum)
    OLED_ShowString                          0x08003619   Thumb Code    38  oled.o(i.OLED_ShowString)
    OLED_W_SCL                               0x08003641   Thumb Code    12  oled.o(i.OLED_W_SCL)
    OLED_W_SDA                               0x08003651   Thumb Code    12  oled.o(i.OLED_W_SDA)
    OLED_WriteCommand                        0x08003661   Thumb Code    34  oled.o(i.OLED_WriteCommand)
    OLED_WriteData                           0x08003683   Thumb Code    34  oled.o(i.OLED_WriteData)
    PID_Incremental_Calc                     0x080036a5   Thumb Code   140  pid.o(i.PID_Incremental_Calc)
    PID_Init                                 0x08003731   Thumb Code    26  pid.o(i.PID_Init)
    PendSV_Handler                           0x0800374b   Thumb Code     2  stm32f1xx_it.o(i.PendSV_Handler)
    SVC_Handler                              0x0800374d   Thumb Code     2  stm32f1xx_it.o(i.SVC_Handler)
    Serial_GetRxFlag                         0x08003751   Thumb Code    20  serial.o(i.Serial_GetRxFlag)
    Serial_Pow                               0x08003769   Thumb Code    14  serial.o(i.Serial_Pow)
    Serial_printf                            0x08003777   Thumb Code    28  serial.o(i.Serial_printf)
    SysTick_Handler                          0x08003793   Thumb Code     4  stm32f1xx_it.o(i.SysTick_Handler)
    SystemClock_Config                       0x08003797   Thumb Code    94  main.o(i.SystemClock_Config)
    SystemInit                               0x080037f5   Thumb Code     2  system_stm32f1xx.o(i.SystemInit)
    TIM1_BRK_IRQHandler                      0x080037f9   Thumb Code     6  stm32f1xx_it.o(i.TIM1_BRK_IRQHandler)
    TIM1_CC_IRQHandler                       0x08003805   Thumb Code     6  stm32f1xx_it.o(i.TIM1_CC_IRQHandler)
    TIM1_TRG_COM_IRQHandler                  0x08003811   Thumb Code     6  stm32f1xx_it.o(i.TIM1_TRG_COM_IRQHandler)
    TIM1_UP_IRQHandler                       0x0800381d   Thumb Code     6  stm32f1xx_it.o(i.TIM1_UP_IRQHandler)
    TIM_Base_SetConfig                       0x08003829   Thumb Code   108  stm32f1xx_hal_tim.o(i.TIM_Base_SetConfig)
    TIM_CCxChannelCmd                        0x080038a1   Thumb Code    26  stm32f1xx_hal_tim.o(i.TIM_CCxChannelCmd)
    TIM_ETR_SetConfig                        0x080038bb   Thumb Code    20  stm32f1xx_hal_tim.o(i.TIM_ETR_SetConfig)
    TIM_OC2_SetConfig                        0x08003931   Thumb Code    84  stm32f1xx_hal_tim.o(i.TIM_OC2_SetConfig)
    UART_Start_Receive_IT                    0x08003c45   Thumb Code    54  stm32f1xx_hal_uart.o(i.UART_Start_Receive_IT)
    USART1_IRQHandler                        0x08003ced   Thumb Code     6  stm32f1xx_it.o(i.USART1_IRQHandler)
    UsageFault_Handler                       0x08003cf9   Thumb Code     2  stm32f1xx_it.o(i.UsageFault_Handler)
    __ARM_fpclassify                         0x08003cfb   Thumb Code    40  fpclassify.o(i.__ARM_fpclassify)
    __ieee754_rem_pio2                       0x08003d45   Thumb Code   828  rred.o(i.__ieee754_rem_pio2)
    __kernel_cos                             0x080040cd   Thumb Code   230  cos_i.o(i.__kernel_cos)
    __kernel_poly                            0x080041c9   Thumb Code   170  poly.o(i.__kernel_poly)
    __kernel_sin                             0x08004275   Thumb Code   224  sin_i.o(i.__kernel_sin)
    __mathlib_dbl_infnan                     0x08004361   Thumb Code     6  dunder.o(i.__mathlib_dbl_infnan)
    __mathlib_dbl_invalid                    0x08004367   Thumb Code    12  dunder.o(i.__mathlib_dbl_invalid)
    __mathlib_dbl_underflow                  0x08004375   Thumb Code    10  dunder.o(i.__mathlib_dbl_underflow)
    _is_digit                                0x08004385   Thumb Code    14  __printf_wp.o(i._is_digit)
    hSerialSendString                        0x08004395   Thumb Code    26  serial.o(i.hSerialSendString)
    main                                     0x080043b5   Thumb Code   422  main.o(i.main)
    sin                                      0x080045d5   Thumb Code   150  sin.o(i.sin)
    _get_lc_numeric                          0x08004675   Thumb Code    44  lc_numeric_c.o(locale$$code)
    _get_lc_ctype                            0x080046a1   Thumb Code    44  lc_ctype_c.o(locale$$code)
    __aeabi_d2f                              0x080046cd   Thumb Code     0  d2f.o(x$fpl$d2f)
    _d2f                                     0x080046cd   Thumb Code    98  d2f.o(x$fpl$d2f)
    __aeabi_dadd                             0x08004731   Thumb Code     0  daddsub_clz.o(x$fpl$dadd)
    _dadd                                    0x08004731   Thumb Code   332  daddsub_clz.o(x$fpl$dadd)
    __fpl_dcheck_NaN1                        0x08004881   Thumb Code    10  dcheck1.o(x$fpl$dcheck1)
    __aeabi_ddiv                             0x08004891   Thumb Code     0  ddiv.o(x$fpl$ddiv)
    _ddiv                                    0x08004891   Thumb Code   552  ddiv.o(x$fpl$ddiv)
    __aeabi_d2iz                             0x08004b41   Thumb Code     0  dfix.o(x$fpl$dfix)
    _dfix                                    0x08004b41   Thumb Code    94  dfix.o(x$fpl$dfix)
    __aeabi_i2d                              0x08004b9f   Thumb Code     0  dflt_clz.o(x$fpl$dflt)
    _dflt                                    0x08004b9f   Thumb Code    46  dflt_clz.o(x$fpl$dflt)
    __aeabi_ui2d                             0x08004bcd   Thumb Code     0  dflt_clz.o(x$fpl$dfltu)
    _dfltu                                   0x08004bcd   Thumb Code    38  dflt_clz.o(x$fpl$dfltu)
    __aeabi_dmul                             0x08004bf5   Thumb Code     0  dmul.o(x$fpl$dmul)
    _dmul                                    0x08004bf5   Thumb Code   332  dmul.o(x$fpl$dmul)
    __fpl_dnaninf                            0x08004d49   Thumb Code   156  dnaninf.o(x$fpl$dnaninf)
    __fpl_dretinf                            0x08004de5   Thumb Code    12  dretinf.o(x$fpl$dretinf)
    __aeabi_drsub                            0x08004df1   Thumb Code     0  daddsub_clz.o(x$fpl$drsb)
    _drsb                                    0x08004df1   Thumb Code    22  daddsub_clz.o(x$fpl$drsb)
    __aeabi_dsub                             0x08004e09   Thumb Code     0  daddsub_clz.o(x$fpl$dsub)
    _dsub                                    0x08004e09   Thumb Code   464  daddsub_clz.o(x$fpl$dsub)
    __aeabi_f2d                              0x08004fdd   Thumb Code     0  f2d.o(x$fpl$f2d)
    _f2d                                     0x08004fdd   Thumb Code    86  f2d.o(x$fpl$f2d)
    __aeabi_fadd                             0x08005035   Thumb Code     0  faddsub_clz.o(x$fpl$fadd)
    _fadd                                    0x08005035   Thumb Code   196  faddsub_clz.o(x$fpl$fadd)
    __fpl_fcheck_NaN1                        0x080050f9   Thumb Code     6  fcheck1.o(x$fpl$fcheck1)
    __fpl_fcmp_Inf                           0x08005105   Thumb Code    24  fcmpi.o(x$fpl$fcmpinf)
    __aeabi_f2iz                             0x0800511d   Thumb Code     0  ffix.o(x$fpl$ffix)
    _ffix                                    0x0800511d   Thumb Code    54  ffix.o(x$fpl$ffix)
    __aeabi_i2f                              0x08005155   Thumb Code     0  fflt_clz.o(x$fpl$fflt)
    _fflt                                    0x08005155   Thumb Code    48  fflt_clz.o(x$fpl$fflt)
    __aeabi_cfcmple                          0x08005185   Thumb Code     0  fleqf.o(x$fpl$fleqf)
    _fcmple                                  0x08005185   Thumb Code   104  fleqf.o(x$fpl$fleqf)
    __fpl_fcmple_InfNaN                      0x080051d7   Thumb Code     0  fleqf.o(x$fpl$fleqf)
    __aeabi_fmul                             0x080051ed   Thumb Code     0  fmul.o(x$fpl$fmul)
    _fmul                                    0x080051ed   Thumb Code   258  fmul.o(x$fpl$fmul)
    __fpl_fnaninf                            0x080052ef   Thumb Code   140  fnaninf.o(x$fpl$fnaninf)
    __fpl_fretinf                            0x0800537b   Thumb Code    10  fretinf.o(x$fpl$fretinf)
    __aeabi_cfrcmple                         0x08005385   Thumb Code     0  frleqf.o(x$fpl$frleqf)
    _frcmple                                 0x08005385   Thumb Code    98  frleqf.o(x$fpl$frleqf)
    __aeabi_fsub                             0x080053e9   Thumb Code     0  faddsub_clz.o(x$fpl$fsub)
    _fsub                                    0x080053e9   Thumb Code   234  faddsub_clz.o(x$fpl$fsub)
    _printf_fp_dec                           0x080054d3   Thumb Code     4  printf1.o(x$fpl$printf1)
    _printf_fp_hex                           0x080054d7   Thumb Code     4  printf2.o(x$fpl$printf2)
    __fpl_return_NaN                         0x080054db   Thumb Code   100  retnan.o(x$fpl$retnan)
    __ARM_scalbn                             0x0800553f   Thumb Code    92  scalbn.o(x$fpl$scalbn)
    __ARM_scalbnf                            0x0800559b   Thumb Code    76  scalbnf.o(x$fpl$scalbnf)
    __fpl_cmpreturn                          0x080055e7   Thumb Code    48  trapv.o(x$fpl$trapveneer)
    OLED_F8x16                               0x08005616   Data        1520  oled.o(.constdata)
    __I$use$fp                               0x08005616   Number         0  usenofp.o(x$fpl$usenofp)
    AHBPrescTable                            0x08005c18   Data          16  system_stm32f1xx.o(.constdata)
    APBPrescTable                            0x08005c28   Data           8  system_stm32f1xx.o(.constdata)
    Region$$Table$$Base                      0x08005e54   Number         0  anon$$obj.o(Region$$Table)
    Region$$Table$$Limit                     0x08005e74   Number         0  anon$$obj.o(Region$$Table)
    __ctype                                  0x08005e9d   Data           0  lc_ctype_c.o(locale$$data)
    Serial_RxFlag                            0x20000000   Data           1  serial.o(.data)
    ByteRecv                                 0x20000001   Data           1  serial.o(.data)
    RxNUM                                    0x20000004   Data           2  main.o(.data)
    m                                        0x20000006   Data           2  main.o(.data)
    u1                                       0x20000008   Data           2  main.o(.data)
    Speed                                    0x2000000c   Data           4  main.o(.data)
    Encoder_Speed                            0x20000010   Data           4  main.o(.data)
    Target_val                               0x20000014   Data           4  main.o(.data)
    Position                                 0x20000018   Data           4  main.o(.data)
    u                                        0x2000001c   Data           4  main.o(.data)
    RxBuffer                                 0x20000020   Data           5  main.o(.data)
    uwTickFreq                               0x20000028   Data           1  stm32f1xx_hal.o(.data)
    uwTickPrio                               0x2000002c   Data           4  stm32f1xx_hal.o(.data)
    uwTick                                   0x20000030   Data           4  stm32f1xx_hal.o(.data)
    SystemCoreClock                          0x20000034   Data           4  system_stm32f1xx.o(.data)
    speedpid                                 0x20000038   Data          44  main.o(.bss)
    positionpid                              0x20000064   Data          44  main.o(.bss)
    htim1                                    0x20000090   Data          72  tim.o(.bss)
    htim2                                    0x200000d8   Data          72  tim.o(.bss)
    htim3                                    0x20000120   Data          72  tim.o(.bss)
    huart1                                   0x20000168   Data          72  usart.o(.bss)
    __libspace_start                         0x200001b0   Data          96  libspace.o(.bss)
    __temporary_stack_top$libspace           0x20000210   Data           0  libspace.o(.bss)



==============================================================================

Memory Map of the image

  Image Entry point : 0x080000ed

  Load Region LR_IROM1 (Base: 0x08000000, Size: 0x00005fd8, Max: 0x00010000, ABSOLUTE)

    Execution Region ER_IROM1 (Exec base: 0x08000000, Load base: 0x08000000, Size: 0x00005fa0, Max: 0x00010000, ABSOLUTE)

    Exec Addr    Load Addr    Size         Type   Attr      Idx    E Section Name        Object

    0x08000000   0x08000000   0x000000ec   Data   RO            3    RESET               startup_stm32f103xb.o
    0x080000ec   0x080000ec   0x00000008   Code   RO         3172  * !!!main             c_w.l(__main.o)
    0x080000f4   0x080000f4   0x00000034   Code   RO         3608    !!!scatter          c_w.l(__scatter.o)
    0x08000128   0x08000128   0x0000001a   Code   RO         3610    !!handler_copy      c_w.l(__scatter_copy.o)
    0x08000142   0x08000142   0x00000002   PAD
    0x08000144   0x08000144   0x0000001c   Code   RO         3612    !!handler_zi        c_w.l(__scatter_zi.o)
    0x08000160   0x08000160   0x00000000   Code   RO         3306    .ARM.Collect$$_printf_percent$$00000000  c_w.l(_printf_percent.o)
    0x08000160   0x08000160   0x00000006   Code   RO         3295    .ARM.Collect$$_printf_percent$$00000001  c_w.l(_printf_n.o)
    0x08000166   0x08000166   0x00000006   Code   RO         3297    .ARM.Collect$$_printf_percent$$00000002  c_w.l(_printf_p.o)
    0x0800016c   0x0800016c   0x00000006   Code   RO         3302    .ARM.Collect$$_printf_percent$$00000003  c_w.l(_printf_f.o)
    0x08000172   0x08000172   0x00000006   Code   RO         3303    .ARM.Collect$$_printf_percent$$00000004  c_w.l(_printf_e.o)
    0x08000178   0x08000178   0x00000006   Code   RO         3304    .ARM.Collect$$_printf_percent$$00000005  c_w.l(_printf_g.o)
    0x0800017e   0x0800017e   0x00000006   Code   RO         3305    .ARM.Collect$$_printf_percent$$00000006  c_w.l(_printf_a.o)
    0x08000184   0x08000184   0x0000000a   Code   RO         3310    .ARM.Collect$$_printf_percent$$00000007  c_w.l(_printf_ll.o)
    0x0800018e   0x0800018e   0x00000006   Code   RO         3299    .ARM.Collect$$_printf_percent$$00000008  c_w.l(_printf_i.o)
    0x08000194   0x08000194   0x00000006   Code   RO         3300    .ARM.Collect$$_printf_percent$$00000009  c_w.l(_printf_d.o)
    0x0800019a   0x0800019a   0x00000006   Code   RO         3301    .ARM.Collect$$_printf_percent$$0000000A  c_w.l(_printf_u.o)
    0x080001a0   0x080001a0   0x00000006   Code   RO         3298    .ARM.Collect$$_printf_percent$$0000000B  c_w.l(_printf_o.o)
    0x080001a6   0x080001a6   0x00000006   Code   RO         3296    .ARM.Collect$$_printf_percent$$0000000C  c_w.l(_printf_x.o)
    0x080001ac   0x080001ac   0x00000006   Code   RO         3307    .ARM.Collect$$_printf_percent$$0000000D  c_w.l(_printf_lli.o)
    0x080001b2   0x080001b2   0x00000006   Code   RO         3308    .ARM.Collect$$_printf_percent$$0000000E  c_w.l(_printf_lld.o)
    0x080001b8   0x080001b8   0x00000006   Code   RO         3309    .ARM.Collect$$_printf_percent$$0000000F  c_w.l(_printf_llu.o)
    0x080001be   0x080001be   0x00000006   Code   RO         3314    .ARM.Collect$$_printf_percent$$00000010  c_w.l(_printf_llo.o)
    0x080001c4   0x080001c4   0x00000006   Code   RO         3315    .ARM.Collect$$_printf_percent$$00000011  c_w.l(_printf_llx.o)
    0x080001ca   0x080001ca   0x0000000a   Code   RO         3311    .ARM.Collect$$_printf_percent$$00000012  c_w.l(_printf_l.o)
    0x080001d4   0x080001d4   0x00000006   Code   RO         3293    .ARM.Collect$$_printf_percent$$00000013  c_w.l(_printf_c.o)
    0x080001da   0x080001da   0x00000006   Code   RO         3294    .ARM.Collect$$_printf_percent$$00000014  c_w.l(_printf_s.o)
    0x080001e0   0x080001e0   0x00000006   Code   RO         3312    .ARM.Collect$$_printf_percent$$00000015  c_w.l(_printf_lc.o)
    0x080001e6   0x080001e6   0x00000006   Code   RO         3313    .ARM.Collect$$_printf_percent$$00000016  c_w.l(_printf_ls.o)
    0x080001ec   0x080001ec   0x00000004   Code   RO         3402    .ARM.Collect$$_printf_percent$$00000017  c_w.l(_printf_percent_end.o)
    0x080001f0   0x080001f0   0x00000002   Code   RO         3472    .ARM.Collect$$libinit$$00000000  c_w.l(libinit.o)
    0x080001f2   0x080001f2   0x00000000   Code   RO         3485    .ARM.Collect$$libinit$$00000002  c_w.l(libinit2.o)
    0x080001f2   0x080001f2   0x00000000   Code   RO         3487    .ARM.Collect$$libinit$$00000004  c_w.l(libinit2.o)
    0x080001f2   0x080001f2   0x00000000   Code   RO         3490    .ARM.Collect$$libinit$$0000000A  c_w.l(libinit2.o)
    0x080001f2   0x080001f2   0x00000000   Code   RO         3492    .ARM.Collect$$libinit$$0000000C  c_w.l(libinit2.o)
    0x080001f2   0x080001f2   0x00000000   Code   RO         3494    .ARM.Collect$$libinit$$0000000E  c_w.l(libinit2.o)
    0x080001f2   0x080001f2   0x00000006   Code   RO         3495    .ARM.Collect$$libinit$$0000000F  c_w.l(libinit2.o)
    0x080001f8   0x080001f8   0x00000000   Code   RO         3497    .ARM.Collect$$libinit$$00000011  c_w.l(libinit2.o)
    0x080001f8   0x080001f8   0x0000000c   Code   RO         3498    .ARM.Collect$$libinit$$00000012  c_w.l(libinit2.o)
    0x08000204   0x08000204   0x00000000   Code   RO         3499    .ARM.Collect$$libinit$$00000013  c_w.l(libinit2.o)
    0x08000204   0x08000204   0x00000000   Code   RO         3501    .ARM.Collect$$libinit$$00000015  c_w.l(libinit2.o)
    0x08000204   0x08000204   0x0000000a   Code   RO         3502    .ARM.Collect$$libinit$$00000016  c_w.l(libinit2.o)
    0x0800020e   0x0800020e   0x00000000   Code   RO         3503    .ARM.Collect$$libinit$$00000017  c_w.l(libinit2.o)
    0x0800020e   0x0800020e   0x00000000   Code   RO         3505    .ARM.Collect$$libinit$$00000019  c_w.l(libinit2.o)
    0x0800020e   0x0800020e   0x00000000   Code   RO         3507    .ARM.Collect$$libinit$$0000001B  c_w.l(libinit2.o)
    0x0800020e   0x0800020e   0x00000000   Code   RO         3509    .ARM.Collect$$libinit$$0000001D  c_w.l(libinit2.o)
    0x0800020e   0x0800020e   0x00000000   Code   RO         3511    .ARM.Collect$$libinit$$0000001F  c_w.l(libinit2.o)
    0x0800020e   0x0800020e   0x00000000   Code   RO         3513    .ARM.Collect$$libinit$$00000021  c_w.l(libinit2.o)
    0x0800020e   0x0800020e   0x00000000   Code   RO         3515    .ARM.Collect$$libinit$$00000023  c_w.l(libinit2.o)
    0x0800020e   0x0800020e   0x00000000   Code   RO         3517    .ARM.Collect$$libinit$$00000025  c_w.l(libinit2.o)
    0x0800020e   0x0800020e   0x00000000   Code   RO         3521    .ARM.Collect$$libinit$$0000002C  c_w.l(libinit2.o)
    0x0800020e   0x0800020e   0x00000000   Code   RO         3523    .ARM.Collect$$libinit$$0000002E  c_w.l(libinit2.o)
    0x0800020e   0x0800020e   0x00000000   Code   RO         3525    .ARM.Collect$$libinit$$00000030  c_w.l(libinit2.o)
    0x0800020e   0x0800020e   0x00000000   Code   RO         3527    .ARM.Collect$$libinit$$00000032  c_w.l(libinit2.o)
    0x0800020e   0x0800020e   0x00000002   Code   RO         3528    .ARM.Collect$$libinit$$00000033  c_w.l(libinit2.o)
    0x08000210   0x08000210   0x00000002   Code   RO         3548    .ARM.Collect$$libshutdown$$00000000  c_w.l(libshutdown.o)
    0x08000212   0x08000212   0x00000000   Code   RO         3561    .ARM.Collect$$libshutdown$$00000002  c_w.l(libshutdown2.o)
    0x08000212   0x08000212   0x00000000   Code   RO         3563    .ARM.Collect$$libshutdown$$00000004  c_w.l(libshutdown2.o)
    0x08000212   0x08000212   0x00000000   Code   RO         3566    .ARM.Collect$$libshutdown$$00000007  c_w.l(libshutdown2.o)
    0x08000212   0x08000212   0x00000000   Code   RO         3569    .ARM.Collect$$libshutdown$$0000000A  c_w.l(libshutdown2.o)
    0x08000212   0x08000212   0x00000000   Code   RO         3571    .ARM.Collect$$libshutdown$$0000000C  c_w.l(libshutdown2.o)
    0x08000212   0x08000212   0x00000000   Code   RO         3574    .ARM.Collect$$libshutdown$$0000000F  c_w.l(libshutdown2.o)
    0x08000212   0x08000212   0x00000002   Code   RO         3575    .ARM.Collect$$libshutdown$$00000010  c_w.l(libshutdown2.o)
    0x08000214   0x08000214   0x00000000   Code   RO         3222    .ARM.Collect$$rtentry$$00000000  c_w.l(__rtentry.o)
    0x08000214   0x08000214   0x00000000   Code   RO         3368    .ARM.Collect$$rtentry$$00000002  c_w.l(__rtentry2.o)
    0x08000214   0x08000214   0x00000006   Code   RO         3380    .ARM.Collect$$rtentry$$00000004  c_w.l(__rtentry4.o)
    0x0800021a   0x0800021a   0x00000000   Code   RO         3370    .ARM.Collect$$rtentry$$00000009  c_w.l(__rtentry2.o)
    0x0800021a   0x0800021a   0x00000004   Code   RO         3371    .ARM.Collect$$rtentry$$0000000A  c_w.l(__rtentry2.o)
    0x0800021e   0x0800021e   0x00000000   Code   RO         3373    .ARM.Collect$$rtentry$$0000000C  c_w.l(__rtentry2.o)
    0x0800021e   0x0800021e   0x00000008   Code   RO         3374    .ARM.Collect$$rtentry$$0000000D  c_w.l(__rtentry2.o)
    0x08000226   0x08000226   0x00000002   Code   RO         3477    .ARM.Collect$$rtexit$$00000000  c_w.l(rtexit.o)
    0x08000228   0x08000228   0x00000000   Code   RO         3530    .ARM.Collect$$rtexit$$00000002  c_w.l(rtexit2.o)
    0x08000228   0x08000228   0x00000004   Code   RO         3531    .ARM.Collect$$rtexit$$00000003  c_w.l(rtexit2.o)
    0x0800022c   0x0800022c   0x00000006   Code   RO         3532    .ARM.Collect$$rtexit$$00000004  c_w.l(rtexit2.o)
    0x08000232   0x08000232   0x00000002   PAD
    0x08000234   0x08000234   0x00000040   Code   RO            4    .text               startup_stm32f103xb.o
    0x08000274   0x08000274   0x00000024   Code   RO         3164    .text               c_w.l(vsprintf.o)
    0x08000298   0x08000298   0x0000003e   Code   RO         3166    .text               c_w.l(strlen.o)
    0x080002d6   0x080002d6   0x0000004e   Code   RO         3168    .text               c_w.l(rt_memclr_w.o)
    0x08000324   0x08000324   0x00000006   Code   RO         3170    .text               c_w.l(heapauxi.o)
    0x0800032a   0x0800032a   0x00000016   Code   RO         3223    .text               c_w.l(_rserrno.o)
    0x08000340   0x08000340   0x0000004e   Code   RO         3227    .text               c_w.l(_printf_pad.o)
    0x0800038e   0x0800038e   0x00000024   Code   RO         3229    .text               c_w.l(_printf_truncate.o)
    0x080003b2   0x080003b2   0x00000052   Code   RO         3231    .text               c_w.l(_printf_str.o)
    0x08000404   0x08000404   0x00000078   Code   RO         3233    .text               c_w.l(_printf_dec.o)
    0x0800047c   0x0800047c   0x00000028   Code   RO         3235    .text               c_w.l(_printf_charcount.o)
    0x080004a4   0x080004a4   0x00000030   Code   RO         3237    .text               c_w.l(_printf_char_common.o)
    0x080004d4   0x080004d4   0x0000000a   Code   RO         3239    .text               c_w.l(_sputc.o)
    0x080004de   0x080004de   0x00000002   PAD
    0x080004e0   0x080004e0   0x000000bc   Code   RO         3241    .text               c_w.l(_printf_wctomb.o)
    0x0800059c   0x0800059c   0x0000007c   Code   RO         3244    .text               c_w.l(_printf_longlong_dec.o)
    0x08000618   0x08000618   0x00000070   Code   RO         3250    .text               c_w.l(_printf_oct_int_ll.o)
    0x08000688   0x08000688   0x00000094   Code   RO         3270    .text               c_w.l(_printf_hex_int_ll_ptr.o)
    0x0800071c   0x0800071c   0x00000188   Code   RO         3290    .text               c_w.l(__printf_flags_ss_wp.o)
    0x080008a4   0x080008a4   0x00000008   Code   RO         3385    .text               c_w.l(rt_errno_addr_intlibspace.o)
    0x080008ac   0x080008ac   0x0000008a   Code   RO         3387    .text               c_w.l(lludiv10.o)
    0x08000936   0x08000936   0x000000b2   Code   RO         3389    .text               c_w.l(_printf_intcommon.o)
    0x080009e8   0x080009e8   0x0000041e   Code   RO         3391    .text               c_w.l(_printf_fp_dec.o)
    0x08000e06   0x08000e06   0x00000002   PAD
    0x08000e08   0x08000e08   0x000002fc   Code   RO         3393    .text               c_w.l(_printf_fp_hex.o)
    0x08001104   0x08001104   0x0000002c   Code   RO         3398    .text               c_w.l(_printf_char.o)
    0x08001130   0x08001130   0x0000002c   Code   RO         3400    .text               c_w.l(_printf_wchar.o)
    0x0800115c   0x0800115c   0x00000040   Code   RO         3403    .text               c_w.l(_wcrtomb.o)
    0x0800119c   0x0800119c   0x00000008   Code   RO         3423    .text               c_w.l(libspace.o)
    0x080011a4   0x080011a4   0x0000004a   Code   RO         3426    .text               c_w.l(sys_stackheap_outer.o)
    0x080011ee   0x080011ee   0x00000002   PAD
    0x080011f0   0x080011f0   0x00000010   Code   RO         3428    .text               c_w.l(rt_ctype_table.o)
    0x08001200   0x08001200   0x00000008   Code   RO         3433    .text               c_w.l(rt_locale_intlibspace.o)
    0x08001208   0x08001208   0x00000080   Code   RO         3435    .text               c_w.l(_printf_fp_infnan.o)
    0x08001288   0x08001288   0x000000e4   Code   RO         3437    .text               c_w.l(bigflt0.o)
    0x0800136c   0x0800136c   0x00000012   Code   RO         3465    .text               c_w.l(exit.o)
    0x0800137e   0x0800137e   0x00000002   PAD
    0x08001380   0x08001380   0x00000080   Code   RO         3482    .text               c_w.l(strcmpv7m.o)
    0x08001400   0x08001400   0x0000000c   Code   RO         3540    .text               c_w.l(sys_exit.o)
    0x0800140c   0x0800140c   0x00000002   Code   RO         3551    .text               c_w.l(use_no_semi.o)
    0x0800140e   0x0800140e   0x00000000   Code   RO         3553    .text               c_w.l(indicate_semi.o)
    0x0800140e   0x0800140e   0x0000003e   Code   RO         3440    CL$$btod_d2e        c_w.l(btod.o)
    0x0800144c   0x0800144c   0x00000046   Code   RO         3442    CL$$btod_d2e_denorm_low  c_w.l(btod.o)
    0x08001492   0x08001492   0x00000060   Code   RO         3441    CL$$btod_d2e_norm_op1  c_w.l(btod.o)
    0x080014f2   0x080014f2   0x00000338   Code   RO         3450    CL$$btod_div_common  c_w.l(btod.o)
    0x0800182a   0x0800182a   0x000000dc   Code   RO         3447    CL$$btod_e2e        c_w.l(btod.o)
    0x08001906   0x08001906   0x0000002a   Code   RO         3444    CL$$btod_ediv       c_w.l(btod.o)
    0x08001930   0x08001930   0x0000002a   Code   RO         3443    CL$$btod_emul       c_w.l(btod.o)
    0x0800195a   0x0800195a   0x00000244   Code   RO         3449    CL$$btod_mult_common  c_w.l(btod.o)
    0x08001b9e   0x08001b9e   0x00000002   Code   RO          646    i.BusFault_Handler  stm32f1xx_it.o
    0x08001ba0   0x08001ba0   0x00000002   Code   RO          647    i.DebugMon_Handler  stm32f1xx_it.o
    0x08001ba2   0x08001ba2   0x00000002   PAD
    0x08001ba4   0x08001ba4   0x00000014   Code   RO          413    i.Encoder_Get       main.o
    0x08001bb8   0x08001bb8   0x00000004   Code   RO          414    i.Error_Handler     main.o
    0x08001bbc   0x08001bbc   0x00000046   Code   RO         2166    i.HAL_DMA_Abort     stm32f1xx_hal_dma.o
    0x08001c02   0x08001c02   0x00000002   PAD
    0x08001c04   0x08001c04   0x00000098   Code   RO         2167    i.HAL_DMA_Abort_IT  stm32f1xx_hal_dma.o
    0x08001c9c   0x08001c9c   0x00000024   Code   RO         1792    i.HAL_Delay         stm32f1xx_hal.o
    0x08001cc0   0x08001cc0   0x000001e0   Code   RO         2102    i.HAL_GPIO_Init     stm32f1xx_hal_gpio.o
    0x08001ea0   0x08001ea0   0x0000000a   Code   RO         2106    i.HAL_GPIO_WritePin  stm32f1xx_hal_gpio.o
    0x08001eaa   0x08001eaa   0x00000002   PAD
    0x08001eac   0x08001eac   0x0000000c   Code   RO         1796    i.HAL_GetTick       stm32f1xx_hal.o
    0x08001eb8   0x08001eb8   0x00000010   Code   RO         1802    i.HAL_IncTick       stm32f1xx_hal.o
    0x08001ec8   0x08001ec8   0x00000024   Code   RO         1803    i.HAL_Init          stm32f1xx_hal.o
    0x08001eec   0x08001eec   0x00000040   Code   RO         1804    i.HAL_InitTick      stm32f1xx_hal.o
    0x08001f2c   0x08001f2c   0x0000003c   Code   RO          752    i.HAL_MspInit       stm32f1xx_hal_msp.o
    0x08001f68   0x08001f68   0x0000001a   Code   RO         2262    i.HAL_NVIC_EnableIRQ  stm32f1xx_hal_cortex.o
    0x08001f82   0x08001f82   0x00000002   PAD
    0x08001f84   0x08001f84   0x00000040   Code   RO         2268    i.HAL_NVIC_SetPriority  stm32f1xx_hal_cortex.o
    0x08001fc4   0x08001fc4   0x00000024   Code   RO         2269    i.HAL_NVIC_SetPriorityGrouping  stm32f1xx_hal_cortex.o
    0x08001fe8   0x08001fe8   0x0000012c   Code   RO         1960    i.HAL_RCC_ClockConfig  stm32f1xx_hal_rcc.o
    0x08002114   0x08002114   0x00000020   Code   RO         1967    i.HAL_RCC_GetPCLK1Freq  stm32f1xx_hal_rcc.o
    0x08002134   0x08002134   0x00000020   Code   RO         1968    i.HAL_RCC_GetPCLK2Freq  stm32f1xx_hal_rcc.o
    0x08002154   0x08002154   0x0000004c   Code   RO         1969    i.HAL_RCC_GetSysClockFreq  stm32f1xx_hal_rcc.o
    0x080021a0   0x080021a0   0x00000320   Code   RO         1972    i.HAL_RCC_OscConfig  stm32f1xx_hal_rcc.o
    0x080024c0   0x080024c0   0x00000028   Code   RO         2273    i.HAL_SYSTICK_Config  stm32f1xx_hal_cortex.o
    0x080024e8   0x080024e8   0x00000002   Code   RO         1518    i.HAL_TIMEx_BreakCallback  stm32f1xx_hal_tim_ex.o
    0x080024ea   0x080024ea   0x00000002   Code   RO         1519    i.HAL_TIMEx_CommutCallback  stm32f1xx_hal_tim_ex.o
    0x080024ec   0x080024ec   0x00000068   Code   RO         1537    i.HAL_TIMEx_MasterConfigSynchronization  stm32f1xx_hal_tim_ex.o
    0x08002554   0x08002554   0x0000005a   Code   RO          814    i.HAL_TIM_Base_Init  stm32f1xx_hal_tim.o
    0x080025ae   0x080025ae   0x00000002   PAD
    0x080025b0   0x080025b0   0x00000080   Code   RO          533    i.HAL_TIM_Base_MspInit  tim.o
    0x08002630   0x08002630   0x00000058   Code   RO          819    i.HAL_TIM_Base_Start_IT  stm32f1xx_hal_tim.o
    0x08002688   0x08002688   0x000000dc   Code   RO          823    i.HAL_TIM_ConfigClockSource  stm32f1xx_hal_tim.o
    0x08002764   0x08002764   0x000000a4   Code   RO          835    i.HAL_TIM_Encoder_Init  stm32f1xx_hal_tim.o
    0x08002808   0x08002808   0x00000058   Code   RO          535    i.HAL_TIM_Encoder_MspInit  tim.o
    0x08002860   0x08002860   0x0000008e   Code   RO          838    i.HAL_TIM_Encoder_Start  stm32f1xx_hal_tim.o
    0x080028ee   0x080028ee   0x00000002   Code   RO          848    i.HAL_TIM_IC_CaptureCallback  stm32f1xx_hal_tim.o
    0x080028f0   0x080028f0   0x00000130   Code   RO          862    i.HAL_TIM_IRQHandler  stm32f1xx_hal_tim.o
    0x08002a20   0x08002a20   0x00000048   Code   RO          536    i.HAL_TIM_MspPostInit  tim.o
    0x08002a68   0x08002a68   0x00000002   Code   RO          865    i.HAL_TIM_OC_DelayElapsedCallback  stm32f1xx_hal_tim.o
    0x08002a6a   0x08002a6a   0x000000cc   Code   RO          886    i.HAL_TIM_PWM_ConfigChannel  stm32f1xx_hal_tim.o
    0x08002b36   0x08002b36   0x0000005a   Code   RO          889    i.HAL_TIM_PWM_Init  stm32f1xx_hal_tim.o
    0x08002b90   0x08002b90   0x00000002   Code   RO          891    i.HAL_TIM_PWM_MspInit  stm32f1xx_hal_tim.o
    0x08002b92   0x08002b92   0x00000002   Code   RO          892    i.HAL_TIM_PWM_PulseFinishedCallback  stm32f1xx_hal_tim.o
    0x08002b94   0x08002b94   0x0000009c   Code   RO          894    i.HAL_TIM_PWM_Start  stm32f1xx_hal_tim.o
    0x08002c30   0x08002c30   0x00000010   Code   RO          415    i.HAL_TIM_PeriodElapsedCallback  main.o
    0x08002c40   0x08002c40   0x00000002   Code   RO          905    i.HAL_TIM_TriggerCallback  stm32f1xx_hal_tim.o
    0x08002c42   0x08002c42   0x00000002   Code   RO         2774    i.HAL_UARTEx_RxEventCallback  stm32f1xx_hal_uart.o
    0x08002c44   0x08002c44   0x00000002   Code   RO         2788    i.HAL_UART_ErrorCallback  stm32f1xx_hal_uart.o
    0x08002c46   0x08002c46   0x00000002   PAD
    0x08002c48   0x08002c48   0x0000026c   Code   RO         2791    i.HAL_UART_IRQHandler  stm32f1xx_hal_uart.o
    0x08002eb4   0x08002eb4   0x00000064   Code   RO         2792    i.HAL_UART_Init     stm32f1xx_hal_uart.o
    0x08002f18   0x08002f18   0x00000080   Code   RO          605    i.HAL_UART_MspInit  usart.o
    0x08002f98   0x08002f98   0x0000001c   Code   RO         2797    i.HAL_UART_Receive_IT  stm32f1xx_hal_uart.o
    0x08002fb4   0x08002fb4   0x000000b0   Code   RO          416    i.HAL_UART_RxCpltCallback  main.o
    0x08003064   0x08003064   0x000000a0   Code   RO         2800    i.HAL_UART_Transmit  stm32f1xx_hal_uart.o
    0x08003104   0x08003104   0x00000002   Code   RO         2803    i.HAL_UART_TxCpltCallback  stm32f1xx_hal_uart.o
    0x08003106   0x08003106   0x00000002   Code   RO          648    i.HardFault_Handler  stm32f1xx_it.o
    0x08003108   0x08003108   0x0000009c   Code   RO          508    i.MX_GPIO_Init      gpio.o
    0x080031a4   0x080031a4   0x0000006c   Code   RO          537    i.MX_TIM1_Init      tim.o
    0x08003210   0x08003210   0x00000094   Code   RO          538    i.MX_TIM2_Init      tim.o
    0x080032a4   0x080032a4   0x0000006c   Code   RO          539    i.MX_TIM3_Init      tim.o
    0x08003310   0x08003310   0x00000038   Code   RO          606    i.MX_USART1_UART_Init  usart.o
    0x08003348   0x08003348   0x00000002   Code   RO          649    i.MemManage_Handler  stm32f1xx_it.o
    0x0800334a   0x0800334a   0x00000002   PAD
    0x0800334c   0x0800334c   0x0000003c   Code   RO          417    i.MotorControl      main.o
    0x08003388   0x08003388   0x00000048   Code   RO          418    i.Motor_SetSpeed    main.o
    0x080033d0   0x080033d0   0x00000002   Code   RO          650    i.NMI_Handler       stm32f1xx_it.o
    0x080033d2   0x080033d2   0x00000026   Code   RO           13    i.OLED_Clear        oled.o
    0x080033f8   0x080033f8   0x00000016   Code   RO           14    i.OLED_I2C_Init     oled.o
    0x0800340e   0x0800340e   0x00000036   Code   RO           15    i.OLED_I2C_SendByte  oled.o
    0x08003444   0x08003444   0x0000001e   Code   RO           16    i.OLED_I2C_Start    oled.o
    0x08003462   0x08003462   0x00000018   Code   RO           17    i.OLED_I2C_Stop     oled.o
    0x0800347a   0x0800347a   0x000000ac   Code   RO           18    i.OLED_Init         oled.o
    0x08003526   0x08003526   0x0000000e   Code   RO           19    i.OLED_Pow          oled.o
    0x08003534   0x08003534   0x00000022   Code   RO           20    i.OLED_SetCursor    oled.o
    0x08003556   0x08003556   0x00000002   PAD
    0x08003558   0x08003558   0x00000068   Code   RO           22    i.OLED_ShowChar     oled.o
    0x080035c0   0x080035c0   0x00000058   Code   RO           25    i.OLED_ShowSignedNum  oled.o
    0x08003618   0x08003618   0x00000026   Code   RO           26    i.OLED_ShowString   oled.o
    0x0800363e   0x0800363e   0x00000002   PAD
    0x08003640   0x08003640   0x00000010   Code   RO           27    i.OLED_W_SCL        oled.o
    0x08003650   0x08003650   0x00000010   Code   RO           28    i.OLED_W_SDA        oled.o
    0x08003660   0x08003660   0x00000022   Code   RO           29    i.OLED_WriteCommand  oled.o
    0x08003682   0x08003682   0x00000022   Code   RO           30    i.OLED_WriteData    oled.o
    0x080036a4   0x080036a4   0x0000008c   Code   RO          224    i.PID_Incremental_Calc  pid.o
    0x08003730   0x08003730   0x0000001a   Code   RO          225    i.PID_Init          pid.o
    0x0800374a   0x0800374a   0x00000002   Code   RO          651    i.PendSV_Handler    stm32f1xx_it.o
    0x0800374c   0x0800374c   0x00000002   Code   RO          652    i.SVC_Handler       stm32f1xx_it.o
    0x0800374e   0x0800374e   0x00000002   PAD
    0x08003750   0x08003750   0x00000018   Code   RO          256    i.Serial_GetRxFlag  serial.o
    0x08003768   0x08003768   0x0000000e   Code   RO          257    i.Serial_Pow        serial.o
    0x08003776   0x08003776   0x0000001c   Code   RO          258    i.Serial_printf     serial.o
    0x08003792   0x08003792   0x00000004   Code   RO          653    i.SysTick_Handler   stm32f1xx_it.o
    0x08003796   0x08003796   0x0000005e   Code   RO          419    i.SystemClock_Config  main.o
    0x080037f4   0x080037f4   0x00000002   Code   RO         3126    i.SystemInit        system_stm32f1xx.o
    0x080037f6   0x080037f6   0x00000002   PAD
    0x080037f8   0x080037f8   0x0000000c   Code   RO          654    i.TIM1_BRK_IRQHandler  stm32f1xx_it.o
    0x08003804   0x08003804   0x0000000c   Code   RO          655    i.TIM1_CC_IRQHandler  stm32f1xx_it.o
    0x08003810   0x08003810   0x0000000c   Code   RO          656    i.TIM1_TRG_COM_IRQHandler  stm32f1xx_it.o
    0x0800381c   0x0800381c   0x0000000c   Code   RO          657    i.TIM1_UP_IRQHandler  stm32f1xx_it.o
    0x08003828   0x08003828   0x00000078   Code   RO          907    i.TIM_Base_SetConfig  stm32f1xx_hal_tim.o
    0x080038a0   0x080038a0   0x0000001a   Code   RO          908    i.TIM_CCxChannelCmd  stm32f1xx_hal_tim.o
    0x080038ba   0x080038ba   0x00000014   Code   RO          918    i.TIM_ETR_SetConfig  stm32f1xx_hal_tim.o
    0x080038ce   0x080038ce   0x00000010   Code   RO          919    i.TIM_ITRx_SetConfig  stm32f1xx_hal_tim.o
    0x080038de   0x080038de   0x00000002   PAD
    0x080038e0   0x080038e0   0x00000050   Code   RO          920    i.TIM_OC1_SetConfig  stm32f1xx_hal_tim.o
    0x08003930   0x08003930   0x00000058   Code   RO          921    i.TIM_OC2_SetConfig  stm32f1xx_hal_tim.o
    0x08003988   0x08003988   0x00000058   Code   RO          922    i.TIM_OC3_SetConfig  stm32f1xx_hal_tim.o
    0x080039e0   0x080039e0   0x00000044   Code   RO          923    i.TIM_OC4_SetConfig  stm32f1xx_hal_tim.o
    0x08003a24   0x08003a24   0x00000022   Code   RO          925    i.TIM_TI1_ConfigInputStage  stm32f1xx_hal_tim.o
    0x08003a46   0x08003a46   0x00000024   Code   RO          927    i.TIM_TI2_ConfigInputStage  stm32f1xx_hal_tim.o
    0x08003a6a   0x08003a6a   0x00000010   Code   RO         2805    i.UART_DMAAbortOnError  stm32f1xx_hal_uart.o
    0x08003a7a   0x08003a7a   0x0000004e   Code   RO         2815    i.UART_EndRxTransfer  stm32f1xx_hal_uart.o
    0x08003ac8   0x08003ac8   0x000000c2   Code   RO         2817    i.UART_Receive_IT   stm32f1xx_hal_uart.o
    0x08003b8a   0x08003b8a   0x00000002   PAD
    0x08003b8c   0x08003b8c   0x000000b8   Code   RO         2818    i.UART_SetConfig    stm32f1xx_hal_uart.o
    0x08003c44   0x08003c44   0x00000036   Code   RO         2820    i.UART_Start_Receive_IT  stm32f1xx_hal_uart.o
    0x08003c7a   0x08003c7a   0x00000072   Code   RO         2821    i.UART_WaitOnFlagUntilTimeout  stm32f1xx_hal_uart.o
    0x08003cec   0x08003cec   0x0000000c   Code   RO          658    i.USART1_IRQHandler  stm32f1xx_it.o
    0x08003cf8   0x08003cf8   0x00000002   Code   RO          659    i.UsageFault_Handler  stm32f1xx_it.o
    0x08003cfa   0x08003cfa   0x00000028   Code   RO         3419    i.__ARM_fpclassify  m_ws.l(fpclassify.o)
    0x08003d22   0x08003d22   0x00000020   Code   RO         2275    i.__NVIC_SetPriority  stm32f1xx_hal_cortex.o
    0x08003d42   0x08003d42   0x00000002   PAD
    0x08003d44   0x08003d44   0x00000388   Code   RO         3356    i.__ieee754_rem_pio2  m_ws.l(rred.o)
    0x080040cc   0x080040cc   0x000000fc   Code   RO         3339    i.__kernel_cos      m_ws.l(cos_i.o)
    0x080041c8   0x080041c8   0x000000aa   Code   RO         3421    i.__kernel_poly     m_ws.l(poly.o)
    0x08004272   0x08004272   0x00000002   PAD
    0x08004274   0x08004274   0x000000ec   Code   RO         3361    i.__kernel_sin      m_ws.l(sin_i.o)
    0x08004360   0x08004360   0x00000006   Code   RO         3343    i.__mathlib_dbl_infnan  m_ws.l(dunder.o)
    0x08004366   0x08004366   0x0000000c   Code   RO         3345    i.__mathlib_dbl_invalid  m_ws.l(dunder.o)
    0x08004372   0x08004372   0x00000002   PAD
    0x08004374   0x08004374   0x00000010   Code   RO         3348    i.__mathlib_dbl_underflow  m_ws.l(dunder.o)
    0x08004384   0x08004384   0x0000000e   Code   RO         3283    i._is_digit         c_w.l(__printf_wp.o)
    0x08004392   0x08004392   0x00000002   PAD
    0x08004394   0x08004394   0x00000020   Code   RO          261    i.hSerialSendString  serial.o
    0x080043b4   0x080043b4   0x00000220   Code   RO          420    i.main              main.o
    0x080045d4   0x080045d4   0x000000a0   Code   RO         3215    i.sin               m_ws.l(sin.o)
    0x08004674   0x08004674   0x0000002c   Code   RO         3463    locale$$code        c_w.l(lc_numeric_c.o)
    0x080046a0   0x080046a0   0x0000002c   Code   RO         3480    locale$$code        c_w.l(lc_ctype_c.o)
    0x080046cc   0x080046cc   0x00000062   Code   RO         3174    x$fpl$d2f           fz_ws.l(d2f.o)
    0x0800472e   0x0800472e   0x00000002   PAD
    0x08004730   0x08004730   0x00000150   Code   RO         3405    x$fpl$dadd          fz_ws.l(daddsub_clz.o)
    0x08004880   0x08004880   0x00000010   Code   RO         3316    x$fpl$dcheck1       fz_ws.l(dcheck1.o)
    0x08004890   0x08004890   0x000002b0   Code   RO         3177    x$fpl$ddiv          fz_ws.l(ddiv.o)
    0x08004b40   0x08004b40   0x0000005e   Code   RO         3411    x$fpl$dfix          fz_ws.l(dfix.o)
    0x08004b9e   0x08004b9e   0x0000002e   Code   RO         3181    x$fpl$dflt          fz_ws.l(dflt_clz.o)
    0x08004bcc   0x08004bcc   0x00000026   Code   RO         3180    x$fpl$dfltu         fz_ws.l(dflt_clz.o)
    0x08004bf2   0x08004bf2   0x00000002   PAD
    0x08004bf4   0x08004bf4   0x00000154   Code   RO         3186    x$fpl$dmul          fz_ws.l(dmul.o)
    0x08004d48   0x08004d48   0x0000009c   Code   RO         3318    x$fpl$dnaninf       fz_ws.l(dnaninf.o)
    0x08004de4   0x08004de4   0x0000000c   Code   RO         3320    x$fpl$dretinf       fz_ws.l(dretinf.o)
    0x08004df0   0x08004df0   0x00000016   Code   RO         3406    x$fpl$drsb          fz_ws.l(daddsub_clz.o)
    0x08004e06   0x08004e06   0x00000002   PAD
    0x08004e08   0x08004e08   0x000001d4   Code   RO         3407    x$fpl$dsub          fz_ws.l(daddsub_clz.o)
    0x08004fdc   0x08004fdc   0x00000056   Code   RO         3188    x$fpl$f2d           fz_ws.l(f2d.o)
    0x08005032   0x08005032   0x00000002   PAD
    0x08005034   0x08005034   0x000000c4   Code   RO         3190    x$fpl$fadd          fz_ws.l(faddsub_clz.o)
    0x080050f8   0x080050f8   0x0000000c   Code   RO         3322    x$fpl$fcheck1       fz_ws.l(fcheck1.o)
    0x08005104   0x08005104   0x00000018   Code   RO         3415    x$fpl$fcmpinf       fz_ws.l(fcmpi.o)
    0x0800511c   0x0800511c   0x00000036   Code   RO         3196    x$fpl$ffix          fz_ws.l(ffix.o)
    0x08005152   0x08005152   0x00000002   PAD
    0x08005154   0x08005154   0x00000030   Code   RO         3201    x$fpl$fflt          fz_ws.l(fflt_clz.o)
    0x08005184   0x08005184   0x00000068   Code   RO         3324    x$fpl$fleqf         fz_ws.l(fleqf.o)
    0x080051ec   0x080051ec   0x00000102   Code   RO         3206    x$fpl$fmul          fz_ws.l(fmul.o)
    0x080052ee   0x080052ee   0x0000008c   Code   RO         3326    x$fpl$fnaninf       fz_ws.l(fnaninf.o)
    0x0800537a   0x0800537a   0x0000000a   Code   RO         3328    x$fpl$fretinf       fz_ws.l(fretinf.o)
    0x08005384   0x08005384   0x00000062   Code   RO         3208    x$fpl$frleqf        fz_ws.l(frleqf.o)
    0x080053e6   0x080053e6   0x00000002   PAD
    0x080053e8   0x080053e8   0x000000ea   Code   RO         3192    x$fpl$fsub          fz_ws.l(faddsub_clz.o)
    0x080054d2   0x080054d2   0x00000004   Code   RO         3330    x$fpl$printf1       fz_ws.l(printf1.o)
    0x080054d6   0x080054d6   0x00000004   Code   RO         3332    x$fpl$printf2       fz_ws.l(printf2.o)
    0x080054da   0x080054da   0x00000064   Code   RO         3417    x$fpl$retnan        fz_ws.l(retnan.o)
    0x0800553e   0x0800553e   0x0000005c   Code   RO         3210    x$fpl$scalbn        fz_ws.l(scalbn.o)
    0x0800559a   0x0800559a   0x0000004c   Code   RO         3212    x$fpl$scalbnf       fz_ws.l(scalbnf.o)
    0x080055e6   0x080055e6   0x00000030   Code   RO         3475    x$fpl$trapveneer    fz_ws.l(trapv.o)
    0x08005616   0x08005616   0x00000000   Code   RO         3338    x$fpl$usenofp       fz_ws.l(usenofp.o)
    0x08005616   0x08005616   0x000005f0   Data   RO           31    .constdata          oled.o
    0x08005c06   0x08005c06   0x00000012   Data   RO         1973    .constdata          stm32f1xx_hal_rcc.o
    0x08005c18   0x08005c18   0x00000010   Data   RO         3127    .constdata          system_stm32f1xx.o
    0x08005c28   0x08005c28   0x00000008   Data   RO         3128    .constdata          system_stm32f1xx.o
    0x08005c30   0x08005c30   0x00000008   Data   RO         3242    .constdata          c_w.l(_printf_wctomb.o)
    0x08005c38   0x08005c38   0x00000028   Data   RO         3271    .constdata          c_w.l(_printf_hex_int_ll_ptr.o)
    0x08005c60   0x08005c60   0x00000011   Data   RO         3291    .constdata          c_w.l(__printf_flags_ss_wp.o)
    0x08005c71   0x08005c71   0x00000007   PAD
    0x08005c78   0x08005c78   0x00000030   Data   RO         3340    .constdata          m_ws.l(cos_i.o)
    0x08005ca8   0x08005ca8   0x000000c8   Data   RO         3358    .constdata          m_ws.l(rred.o)
    0x08005d70   0x08005d70   0x00000028   Data   RO         3362    .constdata          m_ws.l(sin_i.o)
    0x08005d98   0x08005d98   0x00000026   Data   RO         3394    .constdata          c_w.l(_printf_fp_hex.o)
    0x08005dbe   0x08005dbe   0x00000002   PAD
    0x08005dc0   0x08005dc0   0x00000094   Data   RO         3438    .constdata          c_w.l(bigflt0.o)
    0x08005e54   0x08005e54   0x00000020   Data   RO         3606    Region$$Table       anon$$obj.o
    0x08005e74   0x08005e74   0x0000001c   Data   RO         3462    locale$$data        c_w.l(lc_numeric_c.o)
    0x08005e90   0x08005e90   0x00000110   Data   RO         3479    locale$$data        c_w.l(lc_ctype_c.o)


    Execution Region RW_IRAM1 (Exec base: 0x20000000, Load base: 0x08005fa0, Size: 0x00000810, Max: 0x00005000, ABSOLUTE)

    Exec Addr    Load Addr    Size         Type   Attr      Idx    E Section Name        Object

    0x20000000   0x08005fa0   0x00000001   Data   RW          263    .data               serial.o
    0x20000001   0x08005fa1   0x00000001   Data   RW          264    .data               serial.o
    0x20000002   0x08005fa2   0x00000002   PAD
    0x20000004   0x08005fa4   0x00000021   Data   RW          422    .data               main.o
    0x20000025   0x08005fc5   0x00000003   PAD
    0x20000028   0x08005fc8   0x0000000c   Data   RW         1810    .data               stm32f1xx_hal.o
    0x20000034   0x08005fd4   0x00000004   Data   RW         3129    .data               system_stm32f1xx.o
    0x20000038        -       0x00000058   Zero   RW          421    .bss                main.o
    0x20000090        -       0x000000d8   Zero   RW          540    .bss                tim.o
    0x20000168        -       0x00000048   Zero   RW          607    .bss                usart.o
    0x200001b0        -       0x00000060   Zero   RW         3424    .bss                c_w.l(libspace.o)
    0x20000210        -       0x00000200   Zero   RW            2    HEAP                startup_stm32f103xb.o
    0x20000410        -       0x00000400   Zero   RW            1    STACK               startup_stm32f103xb.o


==============================================================================

Image component sizes


      Code (inc. data)   RO Data    RW Data    ZI Data      Debug   Object Name

       156         14          0          0          0        887   gpio.o
       986        186          0         33         88       5514   main.o
       718         14       1520          0          0     433723   oled.o
       166          0          0          0          0       1706   pid.o
        98         10          0          2          0     418183   serial.o
        64         26        236          0       1536        784   startup_stm32f103xb.o
       164         28          0         12          0       5697   stm32f1xx_hal.o
       198         14          0          0          0      28779   stm32f1xx_hal_cortex.o
       222          4          0          0          0       1691   stm32f1xx_hal_dma.o
       490         34          0          0          0       2808   stm32f1xx_hal_gpio.o
        60          8          0          0          0        822   stm32f1xx_hal_msp.o
      1240         84         18          0          0       4956   stm32f1xx_hal_rcc.o
      2044         56          0          0          0      17385   stm32f1xx_hal_tim.o
       108         12          0          0          0       2297   stm32f1xx_hal_tim_ex.o
      1554         10          0          0          0      10588   stm32f1xx_hal_uart.o
        80         30          0          0          0       5700   stm32f1xx_it.o
         2          0         24          4          0       1035   system_stm32f1xx.o
       652         54          0          0        216       4100   tim.o
       184         20          0          0         72       1586   usart.o

    ----------------------------------------------------------------------
      9214        604       1830         56       1912     948241   Object Totals
         0          0         32          0          0          0   (incl. Generated)
        28          0          0          5          0          0   (incl. Padding)

    ----------------------------------------------------------------------

      Code (inc. data)   RO Data    RW Data    ZI Data      Debug   Library Member Name

         8          0          0          0          0         68   __main.o
       392          4         17          0          0         92   __printf_flags_ss_wp.o
        14          0          0          0          0         68   __printf_wp.o
         0          0          0          0          0          0   __rtentry.o
        12          0          0          0          0          0   __rtentry2.o
         6          0          0          0          0          0   __rtentry4.o
        52          8          0          0          0          0   __scatter.o
        26          0          0          0          0          0   __scatter_copy.o
        28          0          0          0          0          0   __scatter_zi.o
         6          0          0          0          0          0   _printf_a.o
         6          0          0          0          0          0   _printf_c.o
        44          0          0          0          0        108   _printf_char.o
        48          6          0          0          0         96   _printf_char_common.o
        40          0          0          0          0         68   _printf_charcount.o
         6          0          0          0          0          0   _printf_d.o
       120         16          0          0          0         92   _printf_dec.o
         6          0          0          0          0          0   _printf_e.o
         6          0          0          0          0          0   _printf_f.o
      1054          0          0          0          0        216   _printf_fp_dec.o
       764          8         38          0          0        100   _printf_fp_hex.o
       128         16          0          0          0         84   _printf_fp_infnan.o
         6          0          0          0          0          0   _printf_g.o
       148          4         40          0          0        160   _printf_hex_int_ll_ptr.o
         6          0          0          0          0          0   _printf_i.o
       178          0          0          0          0         88   _printf_intcommon.o
        10          0          0          0          0          0   _printf_l.o
         6          0          0          0          0          0   _printf_lc.o
        10          0          0          0          0          0   _printf_ll.o
         6          0          0          0          0          0   _printf_lld.o
         6          0          0          0          0          0   _printf_lli.o
         6          0          0          0          0          0   _printf_llo.o
         6          0          0          0          0          0   _printf_llu.o
         6          0          0          0          0          0   _printf_llx.o
       124         16          0          0          0         92   _printf_longlong_dec.o
         6          0          0          0          0          0   _printf_ls.o
         6          0          0          0          0          0   _printf_n.o
         6          0          0          0          0          0   _printf_o.o
       112         10          0          0          0        124   _printf_oct_int_ll.o
         6          0          0          0          0          0   _printf_p.o
        78          0          0          0          0        108   _printf_pad.o
         0          0          0          0          0          0   _printf_percent.o
         4          0          0          0          0          0   _printf_percent_end.o
         6          0          0          0          0          0   _printf_s.o
        82          0          0          0          0         80   _printf_str.o
        36          0          0          0          0         84   _printf_truncate.o
         6          0          0          0          0          0   _printf_u.o
        44          0          0          0          0        108   _printf_wchar.o
       188          6          8          0          0         92   _printf_wctomb.o
         6          0          0          0          0          0   _printf_x.o
        22          0          0          0          0        100   _rserrno.o
        10          0          0          0          0         68   _sputc.o
        64          0          0          0          0         92   _wcrtomb.o
       228          4        148          0          0         96   bigflt0.o
      1936        128          0          0          0        672   btod.o
        18          0          0          0          0         80   exit.o
         6          0          0          0          0        152   heapauxi.o
         0          0          0          0          0          0   indicate_semi.o
        44         10        272          0          0         76   lc_ctype_c.o
        44         10         28          0          0         76   lc_numeric_c.o
         2          0          0          0          0          0   libinit.o
        30          0          0          0          0          0   libinit2.o
         2          0          0          0          0          0   libshutdown.o
         2          0          0          0          0          0   libshutdown2.o
         8          4          0          0         96         68   libspace.o
       138          0          0          0          0         80   lludiv10.o
        16          4          0          0          0         76   rt_ctype_table.o
         8          4          0          0          0         68   rt_errno_addr_intlibspace.o
         8          4          0          0          0         68   rt_locale_intlibspace.o
        78          0          0          0          0         80   rt_memclr_w.o
         2          0          0          0          0          0   rtexit.o
        10          0          0          0          0          0   rtexit2.o
       128          0          0          0          0         68   strcmpv7m.o
        62          0          0          0          0         76   strlen.o
        12          4          0          0          0         68   sys_exit.o
        74          0          0          0          0         80   sys_stackheap_outer.o
         2          0          0          0          0         68   use_no_semi.o
        36          4          0          0          0         76   vsprintf.o
        98          4          0          0          0         92   d2f.o
       826         16          0          0          0        348   daddsub_clz.o
        16          4          0          0          0         68   dcheck1.o
       688        140          0          0          0        208   ddiv.o
        94          4          0          0          0         92   dfix.o
        84          0          0          0          0        136   dflt_clz.o
       340         12          0          0          0        104   dmul.o
       156          4          0          0          0         92   dnaninf.o
        12          0          0          0          0         68   dretinf.o
        86          4          0          0          0         84   f2d.o
       430          8          0          0          0        168   faddsub_clz.o
        12          4          0          0          0         68   fcheck1.o
        24          0          0          0          0         68   fcmpi.o
        54          4          0          0          0         84   ffix.o
        48          0          0          0          0         68   fflt_clz.o
       104          4          0          0          0         84   fleqf.o
       258          4          0          0          0         84   fmul.o
       140          4          0          0          0         84   fnaninf.o
        10          0          0          0          0         68   fretinf.o
        98          0          0          0          0         68   frleqf.o
         4          0          0          0          0         68   printf1.o
         4          0          0          0          0         68   printf2.o
       100          0          0          0          0         68   retnan.o
        92          0          0          0          0         68   scalbn.o
        76          0          0          0          0         68   scalbnf.o
        48          0          0          0          0         68   trapv.o
         0          0          0          0          0          0   usenofp.o
       252         22         48          0          0        124   cos_i.o
        34          6          0          0          0        204   dunder.o
        40          0          0          0          0         68   fpclassify.o
       170          0          0          0          0         96   poly.o
       904         76        200          0          0        140   rred.o
       160         10          0          0          0        108   sin.o
       236         12         40          0          0        128   sin_i.o

    ----------------------------------------------------------------------
     12588        612        848          0         96       7628   Library Totals
        30          0          9          0          0          0   (incl. Padding)

    ----------------------------------------------------------------------

      Code (inc. data)   RO Data    RW Data    ZI Data      Debug   Library Name

      6860        270        551          0         96       4216   c_w.l
      3902        216          0          0          0       2544   fz_ws.l
      1796        126        288          0          0        868   m_ws.l

    ----------------------------------------------------------------------
     12588        612        848          0         96       7628   Library Totals

    ----------------------------------------------------------------------

==============================================================================


      Code (inc. data)   RO Data    RW Data    ZI Data      Debug   

     21802       1216       2678         56       2008     945933   Grand Totals
     21802       1216       2678         56       2008     945933   ELF Image Totals
     21802       1216       2678         56          0          0   ROM Totals

==============================================================================

    Total RO  Size (Code + RO Data)                24480 (  23.91kB)
    Total RW  Size (RW Data + ZI Data)              2064 (   2.02kB)
    Total ROM Size (Code + RO Data + RW Data)      24536 (  23.96kB)

==============================================================================

